******************************************************************************
                  TI ARM Linker PC v5.2.2                      
******************************************************************************
>> Linked Thu Apr 16 17:56:10 2015

OUTPUT FILE NAME:   <embedded_Program.out>
ENTRY POINT SYMBOL: "_c_int00"  address: 00008211


MEMORY CONFIGURATION

         name            origin    length      used     unused   attr    fill
----------------------  --------  ---------  --------  --------  ----  --------
  FLASH                 00000000   00040000  0000da9a  00032566  R  X
  SRAM                  20000000   00008000  0000772e  000008d2  RW X


SEGMENT ALLOCATION MAP

run origin  load origin   length   init length attrs members
----------  ----------- ---------- ----------- ----- -------
00000000    00000000    0000daa0   0000daa0    r-x
  00000000    00000000    0000003c   0000003c    r-- .resetVecs
  00000040    00000040    0000a7ba   0000a7ba    r-x .text
  0000a7fc    0000a7fc    00002cec   00002cec    r-- .const
  0000d4e8    0000d4e8    000005b8   000005b8    r-- .cinit
20000000    20000000    00000360   00000000    rw-
  20000000    20000000    00000360   00000000    rw- .vecs
20000380    20000380    000073d0   00000000    rw-
  20000380    20000380    0000677a   00000000    rw- .bss
  20006afc    20006afc    00000854   00000000    rw- .data
  20007350    20007350    00000400   00000000    rw- .stack


SECTION ALLOCATION MAP

 output                                  attributes/
section   page    origin      length       input sections
--------  ----  ----------  ----------   ----------------
.resetVecs 
*          0    00000000    0000003c     
                  00000000    0000003c     main_pem4f.oem4f (.resetVecs)

.text      0    00000040    0000a7ba     
                  00000040    00000430     sysbios.aem4f : BIOS.obj (.text:ti_sysbios_family_arm_m3_Hwi_excDumpRegs__I)
                  00000470    000003bc     movement.obj (.text:Drive_Task)
                  0000082c    000003aa     MazeAlg.obj (.text:CurrentAdjacent)
                  00000bd6    00000002     main_pem4f.oem4f (.text:ti_sysbios_BIOS_nullFunc__I)
                  00000bd8    0000033c     ti.targets.arm.rtsarm.aem4f : System.oem4f (.text:xdc_runtime_System_doPrint__I)
                  00000f14    00000004     driverlib.lib : uart.obj (.text:UARTIntClear)
                  00000f18    00000314     sysbios.aem4f : BIOS.obj (.text:ti_sysbios_knl_Semaphore_pend__E)
                  0000122c    000002d4     rtsv7M4_T_le_v4SPD16_eabi.lib : trgdrv.obj (.text)
                  00001500    000002a4     uart_tivaware.aem4f : UARTTiva.oem4f (.text:UARTTiva_open)
                  000017a4    00000004     main_pem4f.oem4f (.text:ti_sysbios_BIOS_RtsGateProxy_enter__E)
                  000017a8    00000254     sysbios.aem4f : BIOS.obj (.text:ti_sysbios_heaps_HeapMem_free__E)
                  000019fc    00000004     main_pem4f.oem4f (.text:ti_sysbios_BIOS_RtsGateProxy_leave__E)
                  00001a00    00000240     sysbios.aem4f : BIOS.obj (.text:ti_sysbios_heaps_HeapMem_alloc__E)
                  00001c40    00000228     motor.obj (.text:Motors_Init)
                  00001e68    00000214     uart_tivaware.aem4f : UARTTiva.oem4f (.text:UARTTiva_write)
                  0000207c    00000004     sysbios.aem4f : BIOS.obj (.text:ti_sysbios_family_arm_lm4_Timer_masterEnable__I)
                  00002080    000001fc                   : BIOS.obj (.text:ti_sysbios_family_arm_m3_Hwi_excHandlerMax__I)
                  0000227c    000001f8     uart_tivaware.aem4f : UARTTiva.oem4f (.text:UARTTiva_read)
                  00002474    000001cc                         : UARTTiva.oem4f (.text:UARTTiva_hwiIntFxn)
                  00002640    0000017c     sysbios.aem4f : BIOS.obj (.text:ti_sysbios_family_arm_lm4_TimestampProvider_get64__E)
                  000027bc    00000178     uart_tivaware.aem4f : UARTTiva.oem4f (.text:writeData)
                  00002934    00000004     main_pem4f.oem4f (.text:ti_sysbios_family_arm_m3_Hwi_destruct)
                  00002938    00000174     sysbios.aem4f : BIOS.obj (.text:ti_sysbios_family_arm_m3_Hwi_excBusFault__I)
                  00002aac    00000172     MazeAlg.obj (.text:ReturnDirectionFromCellValue)
                  00002c1e    00000002     main_pem4f.oem4f (.text:ti_uia_loggers_LoggerStopMode_setFilterLevel__E)
                  00002c20    00000168     uart_tivaware.aem4f : UARTTiva.oem4f (.text:UARTTiva_readPolling)
                  00002d88    00000168                         : UARTTiva.oem4f (.text:readData)
                  00002ef0    00000168     sysbios.aem4f : BIOS.obj (.text:ti_sysbios_family_arm_lm4_Timer_start__E)
                  00003058    00000164                   : BIOS.obj (.text:ti_sysbios_family_arm_m3_Hwi_excUsageFault__I)
                  000031bc    00000162     MazeAlg.obj (.text:updateCurrentCell)
                  0000331e    00000002     ti.uia.loggers.aem4f : LoggerStopMode.oem4f (.text:ti_uia_loggers_LoggerStopMode_setPriority__E)
                  00003320    0000015c     uart_tivaware.aem4f : UARTTiva.oem4f (.text:UARTTiva_writePolling)
                  0000347c    00000158     line_sensor.obj (.text:LineSensorRead_ISR)
                  000035d4    00000004     main_pem4f.oem4f (.text:ti_sysbios_family_arm_m3_TaskSupport_Module__startupDone__S)
                  000035d8    00000148     sysbios.aem4f : BIOS.obj (.text:ti_sysbios_family_arm_m3_Hwi_dispatchC__I)
                  00003720    00000148                   : BIOS.obj (.text:ti_sysbios_family_arm_m3_Hwi_excMemFault__I)
                  00003868    00000140     movement.obj (.text:forwardACell)
                  000039a8    00000140     sysbios.aem4f : BIOS.obj (.text:ti_sysbios_knl_Semaphore_post__E)
                  00003ae8    0000013c                   : BIOS.obj (.text:ti_sysbios_heaps_HeapMem_Instance_init__E)
                  00003c24    00000138     main_pem4f.oem4f (.text:ti_uia_loggers_LoggerStopMode_writeMemoryRange__E)
                  00003d5c    00000004     main_pem4f.oem4f (.text:ti_sysbios_hal_Timer_TimerProxy_start__E)
                  00003d60    00000134     sysbios.aem4f : BIOS.obj (.text:ti_sysbios_knl_Clock_workFunc__E)
                  00003e94    00000130     driverlib.lib : gpio.obj (.text:GPIOPadConfigSet)
                  00003fc4    00000130     movement.obj (.text:cameraTurn)
                  000040f4    00000120     ti.targets.arm.rtsarm.aem4f : Error.oem4f (.text:xdc_runtime_Error_policyDefault__E)
                  00004214    0000011c     motor.obj (.text:ServoControl)
                  00004330    0000011c     sysbios.aem4f : BIOS.obj (.text:ti_sysbios_knl_Swi_run__I)
                  0000444c    00000118     driverlib.lib : sysctl.obj (.text:SysCtlClockGet)
                  00004564    00000118     main_pem4f.oem4f (.text:ti_uia_loggers_LoggerStopMode_write8__E)
                  0000467c    00000004     main_pem4f.oem4f (.text:ti_sysbios_heaps_HeapMem_Module_GateProxy_enter__E)
                  00004680    00000104     sysbios.aem4f : BIOS.obj (.text:ti_sysbios_knl_Task_Module_startup__E)
                  00004784    00000104     ti.targets.arm.rtsarm.aem4f : Core-mem.oem4f (.text:xdc_runtime_Core_createObject__I)
                  00004888    00000100     Boot.aem4f : Boot_sysctl.oem4f (.text:ti_catalog_arm_cortexm4_tiva_ce_Boot_sysCtlClockSetI__I)
                  00004988    00000100     main_pem4f.oem4f (.text:ti_uia_loggers_LoggerStopMode_write4__E)
                  00004a88    000000fc     MazeAlg.obj (.text:updateOrientation)
                  00004b84    000000fc     ti.targets.arm.rtsarm.aem4f : Startup.oem4f (.text:xdc_runtime_Startup_startMods__I)
                  00004c80    000000f8     main_pem4f.oem4f (.text:xdc_runtime_System_printfExtend__I)
                  00004d78    000000f4     sysbios.aem4f : m3_Hwi_asm.obj (.text:ti_sysbios_family_arm_m3_Hwi_dispatch__I)
                  00004e6c    000000f4     main_pem4f.oem4f (.text:ti_uia_loggers_LoggerStopMode_write2__E)
                  00004f60    000000f0     driverlib.lib : sysctl.obj (.text:SysCtlClockSet)
                  00005050    000000f0     main_pem4f.oem4f (.text:ti_uia_loggers_LoggerStopMode_write1__E)
                  00005140    000000e8     gpio_tivaware.aem4f : GPIO.oem4f (.text:GPIO_write)
                  00005228    000000e4     main_pem4f.oem4f (.text:ti_uia_loggers_LoggerStopMode_write0__E)
                  0000530c    000000e0     line_sensor.obj (.text:printVision)
                  000053ec    000000dc     cmd_int.obj (.text:DistancePrint)
                  000054c8    000000d8     CGraph.obj (.text:CriticalPath)
                  000055a0    000000d8     sysbios.aem4f : BIOS.obj (.text:ti_sysbios_family_arm_lm4_TimestampProvider_get32__E)
                  00005678    000000cc     ti.targets.arm.rtsarm.aem4f : Core-smem.oem4f (.text:xdc_runtime_Core_constructObject__I)
                  00005744    00000004     main_pem4f.oem4f (.text:ti_sysbios_heaps_HeapMem_Module_GateProxy_leave__E)
                  00005748    000000c4     sysbios.aem4f : BIOS.obj (.text:ti_sysbios_family_arm_m3_Hwi_Module_startup__E)
                  0000580c    00000004     main_pem4f.oem4f (.text:ti_sysbios_knl_Clock_TimerProxy_getMaxTicks__E)
                  00005810    000000c4     sysbios.aem4f : BIOS.obj (.text:ti_sysbios_knl_Task_schedule__I)
                  000058d4    000000c0     IRSensor.obj (.text:IRSensorInit)
                  00005994    000000c0     uart_tivaware.aem4f : UARTTiva.oem4f (.text:UARTTiva_writeCancel)
                  00005a54    000000bc     line_sensor.obj (.text:FollowSequenceBack)
                  00005b10    000000bc     uart_tivaware.aem4f : UARTTiva.oem4f (.text:UARTTiva_readCancel)
                  00005bcc    000000bc     uart.obj (.text:UartInit)
                  00005c88    000000bc     sysbios.aem4f : BIOS.obj (.text:ti_sysbios_family_arm_m3_Hwi_excDebugMon__I)
                  00005d44    00000004     main_pem4f.oem4f (.text:ti_sysbios_knl_Clock_TimerProxy_getPeriod__E)
                  00005d48    000000bc     sysbios.aem4f : BIOS.obj (.text:ti_sysbios_family_arm_m3_Hwi_excHardFault__I)
                  00005e04    00000004     main_pem4f.oem4f (.text:ti_sysbios_knl_Queue_destruct)
                  00005e08    000000bc     sysbios.aem4f : BIOS.obj (.text:ti_sysbios_knl_Task_startCore__E)
                  00005ec4    000000b8     line_sensor.obj (.text:FollowSequenceForward)
                  00005f7c    00000004     main_pem4f.oem4f (.text:ti_sysbios_knl_Semaphore_destruct)
                  00005f80    000000b4     sysbios.aem4f : BIOS.obj (.text:ti_sysbios_gates_GateMutex_enter__E)
                  00006034    00000004     ti.uia.loggers.aem4f : LoggerStopMode.oem4f (.text:ti_uia_loggers_LoggerStopMode_getContents__E)
                  00006038    000000b0     sysbios.aem4f : BIOS.obj (.text:ti_sysbios_knl_Task_postInit__I)
                  000060e8    000000b0                   : BIOS.obj (.text:ti_sysbios_utils_Load_idleFxn__E)
                  00006198    000000ac     motor.obj (.text:ServoTune)
                  00006244    00000004     main_pem4f.oem4f (.text:ti_uia_loggers_LoggerStopMode_getFilterLevel__E)
                  00006248    000000ac     sysbios.aem4f : BIOS.obj (.text:ti_sysbios_family_arm_lm4_Timer_enableTiva__I)
                  000062f4    00000004     ti.uia.loggers.aem4f : LoggerStopMode.oem4f (.text:ti_uia_loggers_LoggerStopMode_getInstanceId__E)
                  000062f8    000000ac     sysbios.aem4f : BIOS.obj (.text:ti_sysbios_knl_Swi_post__E)
                  000063a4    00000004     ti.uia.loggers.aem4f : LoggerStopMode.oem4f (.text:ti_uia_loggers_LoggerStopMode_getMaxLength__E)
                  000063a8    000000ac     sysbios.aem4f : BIOS.obj (.text:ti_sysbios_utils_Load_updateLoads__E)
                  00006454    000000a8     encoder_button.obj (.text:encoder_ISR)
                  000064fc    00000004     ti.uia.loggers.aem4f : LoggerStopMode.oem4f (.text:ti_uia_loggers_LoggerStopMode_getPriority__E)
                  00006500    000000a8     sysbios.aem4f : BIOS.obj (.text:ti_sysbios_family_arm_lm4_Timer_enableTimers__I)
                  000065a8    000000a8                   : BIOS.obj (.text:ti_sysbios_knl_Task_blockI__E)
                  00006650    000000a0     uart_tivaware.aem4f : UARTTiva.oem4f (.text:UARTTiva_close)
                  000066f0    000000a0     auto_init.aem4f : auto_init.oem4f (.text)
                  00006790    000000a0     sysbios.aem4f : BIOS.obj (.text:ti_sysbios_family_arm_m3_Hwi_Instance_init__E)
                  00006830    0000009c     rtsv7M4_T_le_v4SPD16_eabi.lib : memcpy_t2.obj (.text)
                  000068cc    00000004     ti.uia.loggers.aem4f : LoggerStopMode.oem4f (.text:ti_uia_loggers_LoggerStopMode_getTransferType__E)
                  000068d0    0000009c     sysbios.aem4f : BIOS.obj (.text:ti_sysbios_knl_Semaphore_Instance_init__E)
                  0000696c    0000009a     ti.targets.arm.rtsarm.aem4f : Text.oem4f (.text:xdc_runtime_Text_putSite__E)
                  00006a06    00000098     CGraph.obj (.text:addAdj)
                  00006a9e    00000002     main_pem4f.oem4f (.text:xdc_runtime_Startup_reset__I)
                  00006aa0    00000098     sysbios.aem4f : BIOS.obj (.text:ti_sysbios_knl_Task_exit__E)
                  00006b38    00000094     Boot.aem4f : Boot.oem4f (.text:ti_catalog_arm_cortexm4_tiva_ce_Boot_sysCtlClockSet__E)
                  00006bcc    00000004     ti.targets.arm.rtsarm.aem4f : Error.oem4f (.text:xdc_runtime_Error_getSite__E)
                  00006bd0    00000094     sysbios.aem4f : BIOS.obj (.text:ti_sysbios_family_arm_m3_Hwi_initNVIC__E)
                  00006c64    00000094     ti.targets.arm.rtsarm.aem4f : Text.oem4f (.text:xdc_runtime_Text_putMod__E)
                  00006cf8    00000090     main.obj (.text:main)
                  00006d88    00000090     sysbios.aem4f : BIOS.obj (.text:ti_sysbios_knl_Task_unblockI__E)
                  00006e18    00000090     ti.uia.loggers.aem4f : LoggerStopMode.oem4f (.text:ti_uia_loggers_LoggerStopMode_initQueueDescriptor__E)
                  00006ea8    0000008c     cmd_int.obj (.text:InterpretTask)
                  00006f34    0000008c     motor.obj (.text:Motors_shift)
                  00006fc0    0000008c     line_sensor.obj (.text:printAnalogLine)
                  0000704c    0000008c     motor.obj (.text:rotate180_Sense)
                  000070d8    0000008c     sysbios.aem4f : m3_TaskSupport_asm.obj (.text:ti_sysbios_family_arm_m3_TaskSupport_buildTaskStack)
                  00007164    00000088     EK_TM4C123GXL.obj (.text:EK_TM4C123GXL_initGPIO)
                  000071ec    00000088     cmd_int.obj (.text:Help)
                  00007274    00000088     motor.obj (.text:rotateLeft_Sense)
                  000072fc    00000088     motor.obj (.text:rotateRight_Sense)
                  00007384    00000080     motor.obj (.text:shiftLeft)
                  00007404    00000080     motor.obj (.text:shiftRight)
                  00007484    0000007c     EK_TM4C123GXL.obj (.text:EK_TM4C123GXL_initUART)
                  00007500    0000007c     sysbios.aem4f : BIOS.obj (.text:ti_sysbios_utils_Load_logLoads__I)
                  0000757c    0000007a     driverlib.lib : adc.obj (.text:ADCSequenceStepConfigure)
                  000075f6    0000007a     rtsv7M4_T_le_v4SPD16_eabi.lib : memset_t2.obj (.text)
                  00007670    00000078     movement.obj (.text:cameraDirection)
                  000076e8    00000074     sysbios.aem4f : BIOS.obj (.text:ti_sysbios_family_arm_m3_Hwi_postInit__I)
                  0000775c    00000004     main_pem4f.oem4f (.text:xdc_runtime_System_Module_GateProxy_enter__E)
                  00007760    00000074     sysbios.aem4f : BIOS.obj (.text:ti_sysbios_knl_Clock_start__E)
                  000077d4    00000070     line_sensor.obj (.text:analogLineSensorInit)
                  00007844    00000070     ti.uia.runtime.aem4f : QueueDescriptor.oem4f (.text:ti_uia_runtime_QueueDescriptor_addToList__E)
                  000078b4    00000070     ti.targets.arm.rtsarm.aem4f : Memory.oem4f (.text:xdc_runtime_Memory_alloc__E)
                  00007924    0000006c     line_sensor.obj (.text:checkAnalogLine)
                  00007990    0000006c     sysbios.aem4f : BIOS.obj (.text:ti_sysbios_utils_Load_updateThreadContexts__E)
                  000079fc    0000006c     ti.targets.arm.rtsarm.aem4f : Error.oem4f (.text:xdc_runtime_Error_print__E)
                  00007a68    0000006a     rtsv7M4_T_le_v4SPD16_eabi.lib : copy_decompress_rle.obj (.text)
                  00007ad2    0000006a     ti.uia.loggers.aem4f : LoggerStopMode.oem4f (.text:ti_uia_loggers_LoggerStopMode_flush__E)
                  00007b3c    00000068     rtsv7M4_T_le_v4SPD16_eabi.lib : trgmsg.obj (.text)
                  00007ba4    00000066     ti.targets.arm.rtsarm.aem4f : Core-mem.oem4f (.text:xdc_runtime_Core_deleteObject__I)
                  00007c0a    00000002     --HOLE-- [fill = 0]
                  00007c0c    00000064     line_sensor.obj (.text:ReadSensorsW)
                  00007c70    00000064     sysbios.aem4f : BIOS.obj (.text:ti_sysbios_family_arm_lm4_Timer_Module_startup__E)
                  00007cd4    00000064     movement.obj (.text:verticalAlign)
                  00007d38    00000060     cmd_int.obj (.text:RXCmdTask)
                  00007d98    00000060     motor.obj (.text:backLeft)
                  00007df8    00000060     motor.obj (.text:backRight)
                  00007e58    00000060     motor.obj (.text:frontLeft)
                  00007eb8    00000060     motor.obj (.text:frontRight)
                  00007f18    00000060     sysbios.aem4f : BIOS.obj (.text:ti_sysbios_family_arm_lm4_Timer_isrStub__E)
                  00007f78    00000060                   : BIOS.obj (.text:ti_sysbios_knl_Clock_logTick__E)
                  00007fd8    00000060                   : BIOS.obj (.text:ti_sysbios_utils_Load_logCPULoad__I)
                  00008038    00000060     ti.targets.arm.rtsarm.aem4f : System.oem4f (.text:xdc_runtime_System_formatNum__I)
                  00008098    0000005e     MazeAlg.obj (.text:DirectionFnc)
                  000080f6    00000002     --HOLE-- [fill = 0]
                  000080f8    0000005c     sysbios.aem4f : BIOS.obj (.text:ti_sysbios_knl_Swi_restoreHwi__E)
                  00008154    00000004     main_pem4f.oem4f (.text:xdc_runtime_System_Module_GateProxy_leave__E)
                  00008158    0000005c     sysbios.aem4f : BIOS.obj (.text:ti_sysbios_knl_Swi_schedule__I)
                  000081b4    0000005b     ti.targets.arm.rtsarm.aem4f : Text.oem4f (.text:xdc_runtime_Text_putLab__E)
                  0000820f    00000001     --HOLE-- [fill = 0]
                  00008210    00000058     boot.aem4f : boot.oem4f (.text)
                  00008268    00000058     motor.obj (.text:Motors_stop)
                  000082c0    00000058     main_pem4f.oem4f (.text:ti_sysbios_family_arm_m3_Hwi_construct)
                  00008318    00000058     sysbios.aem4f : m3_Hwi_asm_switch.obj (.text:ti_sysbios_family_arm_m3_Hwi_initStacks__E)
                  00008370    00000056     driverlib.lib : gpio.obj (.text:GPIOIntTypeSet)
                  000083c6    00000002     --HOLE-- [fill = 0]
                  000083c8    00000054     motor.obj (.text:Motors_shift_Back)
                  0000841c    00000054     motor.obj (.text:Motors_shift_Front)
                  00008470    00000054     sysbios.aem4f : BIOS.obj (.text:ti_sysbios_utils_Load_updateCurrentThreadTime__E)
                  000084c4    00000050     line_sensor.obj (.text:LineInit)
                  00008514    00000050     cmd_int.obj (.text:picTest)
                  00008564    00000050     ti.targets.arm.rtsarm.aem4f : Startup.oem4f (.text:xdc_runtime_Startup_exec__E)
                  000085b4    00000050                                 : Text.oem4f (.text:xdc_runtime_Text_visitRope2__I)
                  00008604    0000004e     piComm.obj (.text:DecimaltoAscii)
                  00008652    00000002     --HOLE-- [fill = 0]
                  00008654    0000004c     rtsv7M4_T_le_v4SPD16_eabi.lib : cpy_tbl.obj (.text)
                  000086a0    0000004c     sysbios.aem4f : BIOS.obj (.text:ti_sysbios_heaps_HeapMem_getStats__E)
                  000086ec    00000004     ti.targets.arm.rtsarm.aem4f : System.oem4f (.text:xdc_runtime_System_aprintf_va__F)
                  000086f0    0000004c     sysbios.aem4f : BIOS.obj (.text:ti_sysbios_knl_Swi_runLoop__I)
                  0000873c    00000004     ti.targets.arm.rtsarm.aem4f : System.oem4f (.text:xdc_runtime_System_printf_va__F)
                  00008740    0000004c     sysbios.aem4f : BIOS.obj (.text:ti_sysbios_knl_Task_allBlockedFunction__I)
                  0000878c    0000004c     ti.uia.loggers.aem4f : LoggerStopMode.oem4f (.text:ti_uia_loggers_LoggerStopMode_Module_startup__E)
                  000087d8    00000048     driverlib.lib : gpio.obj (.text:GPIOPinConfigure)
                  00008820    00000048     IRBump.obj (.text:IRBumpInit)
                  00008868    00000048     uart_tivaware.aem4f : UART.oem4f (.text:UART_open)
                  000088b0    00000048     line_sensor.obj (.text:printVision_side)
                  000088f8    00000048     sysbios.aem4f : BIOS.obj (.text:ti_sysbios_family_arm_m3_Hwi_disableInterrupt__E)
                  00008940    00000048                   : BIOS.obj (.text:ti_sysbios_family_arm_m3_Hwi_enableInterrupt__E)
                  00008988    00000048                   : BIOS.obj (.text:ti_sysbios_family_arm_m3_Hwi_excReserved__I)
                  000089d0    00000048     ti.uia.loggers.aem4f : LoggerStopMode.oem4f (.text:ti_uia_loggers_LoggerStopMode_initBuffer__I)
                  00008a18    00000048     ti.targets.arm.rtsarm.aem4f : Assert.oem4f (.text:xdc_runtime_Assert_raise__I)
                  00008a60    00000046                                 : Core-params.oem4f (.text:xdc_runtime_Core_assignParams__I)
                  00008aa6    00000002     --HOLE-- [fill = 0]
                  00008aa8    00000044     rtsv7M4_T_le_v4SPD16_eabi.lib : exit.obj (.text)
                  00008aec    00000004     --HOLE-- [fill = 0]
                  00008af0    00000044     sysbios.aem4f : BIOS.obj (.text:ti_sysbios_family_arm_lm4_Timer_stop__E)
                  00008b34    00000004     --HOLE-- [fill = 0]
                  00008b38    00000044                   : BIOS.obj (.text:ti_sysbios_family_arm_m3_Hwi_getStackInfo__E)
                  00008b7c    00000044     ti.targets.arm.rtsarm.aem4f : Error.oem4f (.text:xdc_runtime_Error_setX__E)
                  00008bc0    00000044                                 : SysMin.oem4f (.text:xdc_runtime_SysMin_flush__E)
                  00008c04    00000042     movement.obj (.text:DriveRobotWithDirection)
                  00008c46    00000042     driverlib.lib : uart.obj (.text:UARTConfigSetExpClk)
                  00008c88    00000042     rtsv7M4_T_le_v4SPD16_eabi.lib : u_divt2.obj (.text)
                  00008cca    00000040     CGraph.obj (.text:Contains)
                  00008d0a    00000002     --HOLE-- [fill = 0]
                  00008d0c    00000040     EK_TM4C123GXL.obj (.text:EK_TM4C123GXL_initGeneral)
                  00008d4c    00000040     line_sensor.obj (.text:calcBVision)
                  00008d8c    00000040     line_sensor.obj (.text:calcVision)
                  00008dcc    00000004     --HOLE-- [fill = 0]
                  00008dd0    00000040     sysbios.aem4f : BIOS.obj (.text:ti_sysbios_family_arm_lm4_Timer_startup__E)
                  00008e10    0000003e     driverlib.lib : adc.obj (.text:ADCSequenceConfigure)
                  00008e4e    0000003e     uart.obj (.text:UART_print_int)
                  00008e8c    0000003e     CGraph.obj (.text:pop)
                  00008eca    00000002     --HOLE-- [fill = 0]
                  00008ecc    0000003c     piComm.obj (.text:takePic)
                  00008f08    0000003c     sysbios.aem4f : BIOS.obj (.text:ti_sysbios_family_arm_m3_Hwi_excSvCall__I)
                  00008f44    00000004     --HOLE-- [fill = 0]
                  00008f48    0000003c                   : BIOS.obj (.text:ti_sysbios_family_arm_m3_TaskSupport_start__E)
                  00008f84    00000004     --HOLE-- [fill = 0]
                  00008f88    0000003c                   : BIOS.obj (.text:ti_sysbios_heaps_HeapMem_init__I)
                  00008fc4    00000004     --HOLE-- [fill = 0]
                  00008fc8    0000003c                   : BIOS.obj (.text:ti_sysbios_knl_Swi_startup__E)
                  00009004    0000003c     ti.targets.arm.rtsarm.aem4f : Text.oem4f (.text:xdc_runtime_Text_xprintf__I)
                  00009040    00000038     cmd_int.obj (.text:LineStop)
                  00009078    00000038     uart_tivaware.aem4f : UART.oem4f (.text:UART_init)
                  000090b0    00000038     sysbios.aem4f : BIOS.obj (.text:ti_sysbios_family_arm_m3_Hwi_excNoIsr__I)
                  000090e8    00000038                   : BIOS.obj (.text:ti_sysbios_knl_Task_processVitalTaskFlag__I)
                  00009120    00000038     ti.targets.arm.rtsarm.aem4f : SysMin.oem4f (.text:xdc_runtime_SysMin_putch__E)
                  00009158    00000038                                 : System.oem4f (.text:xdc_runtime_System_atexit__E)
                  00009190    00000036     CGraph.obj (.text:createGraph)
                  000091c6    00000002     --HOLE-- [fill = 0]
                  000091c8    00000034     IRSensor.obj (.text:CheckIR_Back)
                  000091fc    00000034     IRSensor.obj (.text:CheckIR_Front)
                  00009230    00000034     IRSensor.obj (.text:CheckIR_Left)
                  00009264    00000034     IRSensor.obj (.text:CheckIR_Right)
                  00009298    00000034     motor.obj (.text:InitialPinSet)
                  000092cc    00000034     line_sensor.obj (.text:LineSensorInput_ISR)
                  00009300    00000034     motor.obj (.text:ReversePinSet)
                  00009334    00000034     driverlib.lib : sysctl.obj (.text:SysCtlPeripheralEnable)
                  00009368    00000034     uart_tivaware.aem4f : UART.oem4f (.text:UART_Params_init)
                  0000939c    00000034                         : UART.oem4f (.text:UART_read)
                  000093d0    00000034                         : UART.oem4f (.text:UART_write)
                  00009404    00000004     --HOLE-- [fill = 0]
                  00009408    00000034     sysbios.aem4f : BIOS.obj (.text:ti_sysbios_family_arm_m3_Hwi_excNmi__I)
                  0000943c    00000034     ti.uia.loggers.aem4f : LoggerStopMode.oem4f (.text:ti_uia_loggers_LoggerStopMode_reset__E)
                  00009470    00000034     ti.targets.arm.rtsarm.aem4f : Core-label.oem4f (.text:xdc_runtime_Core_assignLabel__I)
                  000094a4    00000033                                 : Text.oem4f (.text:xdc_runtime_Text_printVisFxn__I)
                  000094d7    00000001     --HOLE-- [fill = 0]
                  000094d8    00000032     CGraph.obj (.text:push_front)
                  0000950a    00000006     driverlib.lib : gpio.obj (.text:GPIOIntClear)
                  00009510    00000032     sysbios.aem4f : BIOS.obj (.text:ti_sysbios_hal_Hwi_initStack)
                  00009542    00000006     driverlib.lib : gpio.obj (.text:GPIOPinRead)
                  00009548    00000032     sysbios.aem4f : BIOS.obj (.text:ti_sysbios_knl_Semaphore_pendTimeout__I)
                  0000957a    00000002     --HOLE-- [fill = 0]
                  0000957c    00000030     cmd_int.obj (.text:TestClear)
                  000095ac    00000030     main_pem4f.oem4f (.text:ti_sysbios_BIOS_atExitFunc__I)
                  000095dc    00000030     main_pem4f.oem4f (.text:ti_sysbios_gates_GateHwi_Object__create__S)
                  0000960c    00000030     main_pem4f.oem4f (.text:ti_sysbios_gates_GateMutex_Object__create__S)
                  0000963c    00000030     main_pem4f.oem4f (.text:ti_sysbios_heaps_HeapMem_Object__create__S)
                  0000966c    00000030     main_pem4f.oem4f (.text:ti_sysbios_knl_Semaphore_construct)
                  0000969c    00000030     main_pem4f.oem4f (.text:ti_uia_loggers_LoggerStopMode_Object__create__S)
                  000096cc    00000030     ti.targets.arm.rtsarm.aem4f : SysMin.oem4f (.text:xdc_runtime_SysMin_abort__E)
                  000096fc    00000030                                 : System.oem4f (.text:xdc_runtime_System_processAtExit__E)
                  0000972c    0000002e     driverlib.lib : adc.obj (.text:ADCIntStatus)
                  0000975a    0000002e     main_pem4f.oem4f (.text:malloc)
                  00009788    0000002c     encoder_button.obj (.text:encoderCounter_N)
                  000097b4    0000002c     main_pem4f.oem4f (.text:ti_sysbios_knl_Clock_doTick__I)
                  000097e0    0000002c     main_pem4f.oem4f (.text:ti_sysbios_knl_Queue_construct)
                  0000980c    00000004     --HOLE-- [fill = 0]
                  00009810    0000002c     sysbios.aem4f : BIOS.obj (.text:ti_sysbios_knl_Task_restore__E)
                  0000983c    0000002c     ti.targets.arm.rtsarm.aem4f : Text.oem4f (.text:xdc_runtime_Text_cordText__E)
                  00009868    0000002a     driverlib.lib : gpio.obj (.text:GPIODirModeSet)
                  00009892    0000002a     CGraph.obj (.text:InitializeList)
                  000098bc    0000002a     ti.targets.arm.rtsarm.aem4f : System.oem4f (.text:xdc_runtime_System_putchar__I)
                  000098e6    00000028     CGraph.obj (.text:Reverse)
                  0000990e    00000002     --HOLE-- [fill = 0]
                  00009910    00000028     cmd_int.obj (.text:ReverseV)
                  00009938    00000028     motor.obj (.text:backForward)
                  00009960    00000028     motor.obj (.text:frontForward)
                  00009988    00000028     sysbios.aem4f : BIOS.obj (.text:ti_sysbios_family_arm_m3_Hwi_Instance_finalize__E)
                  000099b0    00000028                   : BIOS.obj (.text:ti_sysbios_knl_Swi_Module_startup__E)
                  000099d8    00000026     CGraph.obj (.text:peek)
                  000099fe    00000026     sysbios.aem4f : m3_Hwi_asm.obj (.text:ti_sysbios_family_arm_m3_Hwi_pendSV__I)
                  00009a24    00000026     ti.targets.arm.rtsarm.aem4f : System.oem4f (.text:xdc_runtime_System_avprintf__E)
                  00009a4a    00000024     encoder_button.obj (.text:BumpInit)
                  00009a6e    00000024     encoder_button.obj (.text:ButtonInit)
                  00009a92    00000002     --HOLE-- [fill = 0]
                  00009a94    00000024     gpio_tivaware.aem4f : GPIO.oem4f (.text:GPIO_init)
                  00009ab8    00000024     cmd_int.obj (.text:Left1Test)
                  00009adc    00000024     cmd_int.obj (.text:Left2Test)
                  00009b00    00000024     cmd_int.obj (.text:Right1Test)
                  00009b24    00000024     cmd_int.obj (.text:Right2Test)
                  00009b48    00000024     encoder_button.obj (.text:encoderInit)
                  00009b6c    00000024     main_pem4f.oem4f (.text:ti_sysbios_BIOS_errorRaiseHook__I)
                  00009b90    00000024     main_pem4f.oem4f (.text:ti_sysbios_BIOS_registerRTSLock__I)
                  00009bb4    00000024     main_pem4f.oem4f (.text:ti_sysbios_BIOS_removeRTSLock__I)
                  00009bd8    00000024     main_pem4f.oem4f (.text:ti_sysbios_BIOS_startFunc__I)
                  00009bfc    00000004     --HOLE-- [fill = 0]
                  00009c00    00000024     sysbios.aem4f : BIOS.obj (.text:ti_sysbios_family_arm_m3_Hwi_doTaskRestore__I)
                  00009c24    00000024     main_pem4f.oem4f (.text:ti_sysbios_gates_GateMutex_Object__delete__S)
                  00009c48    00000024     sysbios.aem4f : BIOS.obj (.text:ti_sysbios_knl_Clock_Module_startup__E)
                  00009c6c    00000024     ti.targets.arm.rtsarm.aem4f : System.oem4f (.text:xdc_runtime_System_vprintf__E)
                  00009c90    00000022     driverlib.lib : pwm.obj (.text:PWMGenConfigure)
                  00009cb2    00000006                   : gpio.obj (.text:GPIOPinWrite)
                  00009cb8    00000022     sysbios.aem4f : BIOS.obj (.text:ti_sysbios_family_arm_lm4_Timer_write__I)
                  00009cda    00000022     main_pem4f.oem4f (.text:xdc_runtime_SysMin_output__I)
                  00009cfc    00000020     line_sensor.obj (.text:checkVision)
                  00009d1c    00000020     encoder_button.obj (.text:clearCount)
                  00009d3c    00000020     main_pem4f.oem4f (.text:ti_sysbios_BIOS_rtsLock__I)
                  00009d5c    00000020     sysbios.aem4f : m3_Hwi_asm.obj (.text:ti_sysbios_family_arm_m3_Hwi_excHandlerAsm__I)
                  00009d7c    00000004     --HOLE-- [fill = 0]
                  00009d80    00000020                   : BIOS.obj (.text:ti_sysbios_family_arm_m3_Hwi_excHandler__I)
                  00009da0    00000020     main_pem4f.oem4f (.text:ti_sysbios_gates_GateHwi_Object__delete__S)
                  00009dc0    00000020     main_pem4f.oem4f (.text:ti_sysbios_heaps_HeapMem_Object__delete__S)
                  00009de0    00000020     sysbios.aem4f : BIOS.obj (.text:ti_sysbios_knl_Idle_run__E)
                  00009e00    00000020     main_pem4f.oem4f (.text:ti_sysbios_knl_Semaphore_Object__destruct__S)
                  00009e20    00000020     main_pem4f.oem4f (.text:ti_uia_loggers_LoggerStopMode_Object__delete__S)
                  00009e40    00000020     ti.targets.arm.rtsarm.aem4f : Registry.oem4f (.text:xdc_runtime_Registry_findById__E)
                  00009e60    00000020                                 : SysMin.oem4f (.text:xdc_runtime_SysMin_Module_startup__E)
                  00009e80    0000001e     driverlib.lib : adc.obj (.text:ADCSequenceDataGet)
                  00009e9e    0000001e                   : pwm.obj (.text:PWMPulseWidthSet)
                  00009ebc    0000001e     sysbios.aem4f : m3_Hwi_asm_switch.obj (.text:ti_sysbios_family_xxx_Hwi_switchAndRunFunc)
                  00009eda    00000002     --HOLE-- [fill = 0]
                  00009edc    0000001c     driverlib.lib : uart.obj (.text:UARTDisable)
                  00009ef8    0000001c     movement.obj (.text:flagCheck)
                  00009f14    0000001c     encoder_button.obj (.text:getencoder)
                  00009f30    0000001c     main_pem4f.oem4f (.text:ti_sysbios_family_arm_m3_Hwi_Object__destruct__S)
                  00009f4c    00000004     --HOLE-- [fill = 0]
                  00009f50    0000001c     sysbios.aem4f : BIOS.obj (.text:ti_sysbios_gates_GateMutex_Instance_init__E)
                  00009f6c    0000001c     main_pem4f.oem4f (.text:ti_sysbios_knl_Queue_Object__destruct__S)
                  00009f88    0000001c     sysbios.aem4f : BIOS.obj (.text:ti_sysbios_knl_Task_enter__I)
                  00009fa4    0000001c     ti.targets.arm.rtsarm.aem4f : Error.oem4f (.text:xdc_runtime_Error_raiseX__E)
                  00009fc0    0000001c                                 : Memory.oem4f (.text:xdc_runtime_Memory_valloc__E)
                  00009fdc    0000001c                                 : SysMin.oem4f (.text:xdc_runtime_SysMin_exit__E)
                  00009ff8    0000001c                                 : System.oem4f (.text:xdc_runtime_System_abort__E)
                  0000a014    0000001a     LED.obj (.text:LEDInit)
                  0000a02e    0000001a     piComm.obj (.text:piInit)
                  0000a048    0000001a     ti.uia.loggers.aem4f : LoggerStopMode.oem4f (.text:ti_uia_loggers_LoggerStopMode_Instance_init__E)
                  0000a062    0000001a     main_pem4f.oem4f (.text:xdc_runtime_System_aprintf__E)
                  0000a07c    0000001a     main_pem4f.oem4f (.text:xdc_runtime_System_printf__E)
                  0000a096    00000018     driverlib.lib : adc.obj (.text:ADCProcessorTrigger)
                  0000a0ae    00000018                   : gpio.obj (.text:GPIOPinTypeGPIOOutput)
                  0000a0c6    00000018     main_pem4f.oem4f (.text:free)
                  0000a0de    00000002     --HOLE-- [fill = 0]
                  0000a0e0    00000018     rtsv7M4_T_le_v4SPD16_eabi.lib : args_main.obj (.text)
                  0000a0f8    00000018     main_pem4f.oem4f (.text:ti_sysbios_BIOS_rtsUnlock__I)
                  0000a110    00000018     main_pem4f.oem4f (.text:ti_sysbios_family_arm_lm4_Timer_Module__startupDone__F)
                  0000a128    00000018     main_pem4f.oem4f (.text:ti_sysbios_family_arm_m3_Hwi_Handle__label__S)
                  0000a140    00000018     main_pem4f.oem4f (.text:ti_sysbios_family_arm_m3_Hwi_Module__startupDone__F)
                  0000a158    00000018     sysbios.aem4f : m3_TaskSupport_asm.obj (.text:ti_sysbios_family_arm_m3_TaskSupport_swap__E)
                  0000a170    00000018     main_pem4f.oem4f (.text:ti_sysbios_gates_GateHwi_Handle__label__S)
                  0000a188    00000018     main_pem4f.oem4f (.text:ti_sysbios_gates_GateMutex_Handle__label__S)
                  0000a1a0    00000018     sysbios.aem4f : BIOS.obj (.text:ti_sysbios_gates_GateMutex_leave__E)
                  0000a1b8    00000018     main_pem4f.oem4f (.text:ti_sysbios_heaps_HeapMem_Handle__label__S)
                  0000a1d0    00000018     main_pem4f.oem4f (.text:ti_sysbios_knl_Swi_Handle__label__S)
                  0000a1e8    00000018     main_pem4f.oem4f (.text:ti_sysbios_knl_Task_Handle__label__S)
                  0000a200    00000018     main_pem4f.oem4f (.text:ti_uia_loggers_LoggerStopMode_Handle__label__S)
                  0000a218    00000018     ti.targets.arm.rtsarm.aem4f : Error.oem4f (.text:xdc_runtime_Error_check__E)
                  0000a230    00000018                                 : System.oem4f (.text:xdc_runtime_System_exit__E)
                  0000a248    00000018                                 : Text.oem4f (.text:xdc_runtime_Text_ropeText__E)
                  0000a260    00000016     motor.obj (.text:diagonalLeft)
                  0000a276    00000016     motor.obj (.text:diagonalRight)
                  0000a28c    00000016     main_pem4f.oem4f (.text:ti_sysbios_BIOS_exitFunc__I)
                  0000a2a2    00000016     ti.uia.loggers.aem4f : LoggerStopMode.oem4f (.text:ti_uia_loggers_LoggerStopMode_disable__E)
                  0000a2b8    00000016                          : LoggerStopMode.oem4f (.text:ti_uia_loggers_LoggerStopMode_enable__E)
                  0000a2ce    00000002     --HOLE-- [fill = 0]
                  0000a2d0    00000014     cmd_int.obj (.text:Brake)
                  0000a2e4    00000014     IRSensor.obj (.text:CheckIR)
                  0000a2f8    00000014     driverlib.lib : sysctl.obj (.text:SysCtlPWMClockSet)
                  0000a30c    00000014     cmd_int.obj (.text:Test)
                  0000a320    00000014     driverlib.lib : uart.obj (.text:UARTEnable)
                  0000a334    00000014     rtsv7M4_T_le_v4SPD16_eabi.lib : _lock.obj (.text)
                  0000a348    00000014                                   : strcpy.obj (.text)
                  0000a35c    00000014                                   : strlen.obj (.text)
                  0000a370    00000014     main_pem4f.oem4f (.text:ti_sysbios_family_arm_m3_Hwi_Object__get__S)
                  0000a384    00000004     --HOLE-- [fill = 0]
                  0000a388    00000014     sysbios.aem4f : BIOS.obj (.text:ti_sysbios_family_arm_m3_Hwi_switchFromBootStack__E)
                  0000a39c    00000014     main_pem4f.oem4f (.text:ti_sysbios_heaps_HeapMem_Object__get__S)
                  0000a3b0    00000014     main_pem4f.oem4f (.text:ti_sysbios_knl_Swi_Object__get__S)
                  0000a3c4    00000012     driverlib.lib : gpio.obj (.text:GPIOPinTypeADC)
                  0000a3d6    00000012                   : gpio.obj (.text:GPIOPinTypeGPIOInput)
                  0000a3e8    00000012                   : gpio.obj (.text:GPIOPinTypePWM)
                  0000a3fa    00000012                   : gpio.obj (.text:GPIOPinTypeUART)
                  0000a40c    00000012                   : pwm.obj (.text:PWMOutputState)
                  0000a41e    00000002     --HOLE-- [fill = 0]
                  0000a420    00000012     sysbios.aem4f : BIOS.obj (.text:ti_sysbios_hal_Hwi_Module_startup__E)
                  0000a432    00000006     driverlib.lib : sysctl.obj (.text:SysCtlDelay)
                  0000a438    00000012     sysbios.aem4f : BIOS.obj (.text:ti_sysbios_hal_Timer_Module_startup__E)
                  0000a44a    00000012     main_pem4f.oem4f (.text:xdc_runtime_Startup_exec__I)
                  0000a45c    00000010     cmd_int.obj (.text:Drive_Clock)
                  0000a46c    00000010     cmd_int.obj (.text:Drive_Start)
                  0000a47c    00000010     LED.obj (.text:LEDGreen)
                  0000a48c    00000010     LED.obj (.text:LEDRed)
                  0000a49c    00000010     driverlib.lib : pwm.obj (.text:PWMGenPeriodSet)
                  0000a4ac    00000004     --HOLE-- [fill = 0]
                  0000a4b0    00000010     sysbios.aem4f : BIOS.obj (.text:ti_sysbios_BIOS_getCpuFreq__E)
                  0000a4c0    00000010                   : BIOS.obj (.text:ti_sysbios_BIOS_setThreadType__E)
                  0000a4d0    00000010                   : BIOS.obj (.text:ti_sysbios_BIOS_start__E)
                  0000a4e0    00000010                   : BIOS.obj (.text:ti_sysbios_family_arm_lm4_TimestampProvider_rolloverFunc__E)
                  0000a4f0    00000010                   : m3_TaskSupport_asm.obj (.text:ti_sysbios_family_arm_m3_TaskSupport_glue)
                  0000a500    00000010                   : BIOS.obj (.text:ti_sysbios_gates_GateMutex_Instance_finalize__E)
                  0000a510    00000010                   : BIOS.obj (.text:ti_sysbios_knl_Semaphore_Instance_finalize__E)
                  0000a520    00000010                   : BIOS.obj (.text:ti_sysbios_knl_Swi_disable__E)
                  0000a530    00000010     main_pem4f.oem4f (.text:ti_sysbios_knl_Task_Object__get__S)
                  0000a540    00000010     sysbios.aem4f : BIOS.obj (.text:ti_sysbios_knl_Task_disable__E)
                  0000a550    00000010     main_pem4f.oem4f (.text:ti_uia_loggers_LoggerStopMode_Object__get__S)
                  0000a560    00000010     ti.uia.loggers.aem4f : LoggerStopMode.oem4f (.text:ti_uia_loggers_LoggerStopMode_isEmpty__E)
                  0000a570    00000010     ti.targets.arm.rtsarm.aem4f : Gate.oem4f (.text:xdc_runtime_Gate_leaveSystem__E)
                  0000a580    00000010                                 : Memory.oem4f (.text:xdc_runtime_Memory_free__E)
                  0000a590    00000010                                 : SysMin.oem4f (.text:xdc_runtime_SysMin_ready__E)
                  0000a5a0    00000010                                 : System.oem4f (.text:xdc_runtime_System_vsnprintf__E)
                  0000a5b0    0000000e     driverlib.lib : adc.obj (.text:ADCSequenceEnable)
                  0000a5be    0000000e                   : gpio.obj (.text:GPIOIntDisable)
                  0000a5cc    0000000e                   : gpio.obj (.text:GPIOIntStatus)
                  0000a5da    0000000e                   : uart.obj (.text:UARTCharGetNonBlocking)
                  0000a5e8    0000000e                   : uart.obj (.text:UARTCharPutNonBlocking)
                  0000a5f6    0000000e     rtsv7M4_T_le_v4SPD16_eabi.lib : copy_decompress_none.obj (.text:decompress:none)
                  0000a604    00000004     --HOLE-- [fill = 0]
                  0000a608    0000000e     sysbios.aem4f : BIOS.obj (.text:ti_sysbios_knl_Idle_loop__E)
                  0000a616    00000002     --HOLE-- [fill = 0]
                  0000a618    0000000e                   : BIOS.obj (.text:ti_sysbios_knl_Queue_empty__E)
                  0000a626    00000002     --HOLE-- [fill = 0]
                  0000a628    0000000c     main_pem4f.oem4f (.text:.bootCodeSection:ti_catalog_arm_cortexm4_tiva_ce_Boot_init__I)
                  0000a634    0000000c     driverlib.lib : gpio.obj (.text:GPIOIntEnable)
                  0000a640    0000000c                   : pwm.obj (.text:PWMGenEnable)
                  0000a64c    0000000c     rtsv7M4_T_le_v4SPD16_eabi.lib : copy_zero_init.obj (.text:decompress:ZI)
                  0000a658    0000000c     sysbios.aem4f : BIOS.obj (.text:ti_sysbios_family_arm_lm4_Timer_getMaxTicks__E)
                  0000a664    00000004     --HOLE-- [fill = 0]
                  0000a668    0000000c                   : BIOS.obj (.text:ti_sysbios_family_arm_lm4_TimestampProvider_startTimer__E)
                  0000a674    0000000c     main_pem4f.oem4f (.text:ti_sysbios_family_arm_m3_Hwi_Params__init__S)
                  0000a680    0000000c     sysbios.aem4f : BIOS.obj (.text:ti_sysbios_family_arm_m3_Hwi_disableFxn__E)
                  0000a68c    00000004     --HOLE-- [fill = 0]
                  0000a690    0000000c                   : BIOS.obj (.text:ti_sysbios_gates_GateHwi_enter__E)
                  0000a69c    0000000c     main_pem4f.oem4f (.text:ti_sysbios_knl_Queue_Object__get__S)
                  0000a6a8    0000000c     main_pem4f.oem4f (.text:ti_sysbios_knl_Semaphore_Params__init__S)
                  0000a6b4    0000000c     ti.targets.arm.rtsarm.aem4f : Error.oem4f (.text:xdc_runtime_Error_init__E)
                  0000a6c0    0000000c                                 : Gate.oem4f (.text:xdc_runtime_Gate_enterSystem__E)
                  0000a6cc    0000000c                                 : Memory.oem4f (.text:xdc_runtime_Memory_calloc__E)
                  0000a6d8    0000000c                                 : Memory.oem4f (.text:xdc_runtime_Memory_getMaxDefaultTypeAlign__E)
                  0000a6e4    0000000a     driverlib.lib : adc.obj (.text:ADCIntClear)
                  0000a6ee    0000000a                   : uart.obj (.text:UARTCharGet)
                  0000a6f8    0000000a                   : uart.obj (.text:UARTCharPut)
                  0000a702    0000000a                   : uart.obj (.text:UARTIntDisable)
                  0000a70c    0000000a                   : uart.obj (.text:UARTIntStatus)
                  0000a716    0000000a     main_pem4f.oem4f (.text:xdc_runtime_IHeap_alloc)
                  0000a720    0000000a     main_pem4f.oem4f (.text:xdc_runtime_IHeap_free)
                  0000a72a    0000000a     main_pem4f.oem4f (.text:xdc_runtime_Text_visitRope__I)
                  0000a734    00000008     driverlib.lib : uart.obj (.text:UARTIntEnable)
                  0000a73c    00000008     uart_tivaware.aem4f : UARTTiva.oem4f (.text:UARTTiva_init)
                  0000a744    00000008     cmd_int.obj (.text:cmd_Init)
                  0000a74c    00000008     uart_tivaware.aem4f : UARTTiva.oem4f (.text:readSemCallback)
                  0000a754    00000008     sysbios.aem4f : BIOS.obj (.text:ti_sysbios_family_arm_lm4_Timer_masterDisable__I)
                  0000a75c    00000004     --HOLE-- [fill = 0]
                  0000a760    00000008                   : BIOS.obj (.text:ti_sysbios_family_arm_m3_Hwi_doSwiRestore__I)
                  0000a768    00000008                   : BIOS.obj (.text:ti_sysbios_family_arm_m3_Hwi_startup__E)
                  0000a770    00000008     uart_tivaware.aem4f : UARTTiva.oem4f (.text:writeSemCallback)
                  0000a778    00000006     driverlib.lib : uart.obj (.text:UARTFIFOLevelSet)
                  0000a77e    00000006     uart_tivaware.aem4f : UARTTiva.oem4f (.text:UARTTiva_control)
                  0000a784    00000006     ti.targets.arm.rtsarm.aem4f : xdc_noinit.oem4f (.text:__xdc__init)
                  0000a78a    00000006     rtsv7M4_T_le_v4SPD16_eabi.lib : copy_decompress_rle.obj (.text:decompress:rle24)
                  0000a790    00000006     Boot.aem4f : Boot_sysctl.oem4f (.text:ti_catalog_arm_cortexm4_tiva_ce_Boot_sysCtlDelayI__I)
                  0000a796    00000002     --HOLE-- [fill = 0]
                  0000a798    00000006     sysbios.aem4f : BIOS.obj (.text:ti_sysbios_family_arm_lm4_TimestampProvider_Module_startup__E)
                  0000a79e    00000002     --HOLE-- [fill = 0]
                  0000a7a0    00000006                   : BIOS.obj (.text:ti_sysbios_family_arm_m3_Hwi_restoreFxn__E)
                  0000a7a6    00000002     --HOLE-- [fill = 0]
                  0000a7a8    00000006                   : BIOS.obj (.text:ti_sysbios_gates_GateHwi_leave__E)
                  0000a7ae    00000002     --HOLE-- [fill = 0]
                  0000a7b0    00000006                   : BIOS.obj (.text:ti_sysbios_hal_Timer_start__E)
                  0000a7b6    00000002     --HOLE-- [fill = 0]
                  0000a7b8    00000006                   : BIOS.obj (.text:ti_sysbios_heaps_HeapMem_isBlocking__E)
                  0000a7be    00000002     --HOLE-- [fill = 0]
                  0000a7c0    00000006                   : BIOS.obj (.text:ti_sysbios_knl_Clock_stop__E)
                  0000a7c6    00000002     --HOLE-- [fill = 0]
                  0000a7c8    00000006                   : BIOS.obj (.text:ti_sysbios_knl_Queue_Instance_init__E)
                  0000a7ce    00000006     ti.targets.arm.rtsarm.aem4f : System.oem4f (.text:xdc_runtime_System_Module_startup__E)
                  0000a7d4    00000004     --HOLE-- [fill = 0]
                  0000a7d8    00000004     sysbios.aem4f : BIOS.obj (.text:ti_sysbios_family_arm_lm4_Timer_getPeriod__E)
                  0000a7dc    00000004     --HOLE-- [fill = 0]
                  0000a7e0    00000004                   : BIOS.obj (.text:ti_sysbios_gates_GateHwi_query__E)
                  0000a7e4    00000004     --HOLE-- [fill = 0]
                  0000a7e8    00000004                   : BIOS.obj (.text:ti_sysbios_gates_GateMutex_query__E)
                  0000a7ec    00000004     --HOLE-- [fill = 0]
                  0000a7f0    00000004                   : BIOS.obj (.text:ti_sysbios_knl_Task_startup__E)
                  0000a7f4    00000004     --HOLE-- [fill = 0]
                  0000a7f8    00000002                   : BIOS.obj (.text:ti_sysbios_gates_GateHwi_Instance_init__E)

.const     0    0000a7fc    00002cec     
                  0000a7fc    00001cef     main_pem4f.oem4f (.const:xdc_runtime_Text_charTab__A)
                  0000c4eb    00000001     main_pem4f.oem4f (.const:xdc_runtime_Error_policy__C)
                  0000c4ec    000007bc     cmd_int.obj (.const:director)
                  0000cca8    00000090     driverlib.lib : gpio.obj (.const:g_pui32GPIOBaseAddrs)
                  0000cd38    0000006c                   : sysctl.obj (.const:g_pui32Xtals)
                  0000cda4    00000060     main_pem4f.oem4f (.const:ti_uia_loggers_LoggerStopMode_Module__FXNS__C)
                  0000ce04    00000048     main_pem4f.oem4f (.const:.string)
                  0000ce4c    0000003c     EK_TM4C123GXL.obj (.const:gpioHWAttrs)
                  0000ce88    00000034     main_pem4f.oem4f (.const)
                  0000cebc    00000030     EK_TM4C123GXL.obj (.const)
                  0000ceec    00000030     EK_TM4C123GXL.obj (.const:UART_config)
                  0000cf1c    00000030     main_pem4f.oem4f (.const:ti_sysbios_family_arm_m3_Hwi_Object__PARAMS__C)
                  0000cf4c    0000002c     main_pem4f.oem4f (.const:xdc_runtime_Startup_sfxnTab__A)
                  0000cf78    00000028     uart_tivaware.aem4f : UARTTiva.oem4f (.const:UARTTiva_fxnTable)
                  0000cfa0    00000028     main_pem4f.oem4f (.const:ti_sysbios_heaps_HeapMem_Module__FXNS__C)
                  0000cfc8    00000028     main_pem4f.oem4f (.const:ti_uia_loggers_LoggerStopMode_Object__PARAMS__C)
                  0000cff0    00000024     main_pem4f.oem4f (.const:ti_sysbios_gates_GateHwi_Module__FXNS__C)
                  0000d014    00000024     main_pem4f.oem4f (.const:ti_sysbios_gates_GateMutex_Module__FXNS__C)
                  0000d038    00000024     main_pem4f.oem4f (.const:ti_sysbios_heaps_HeapMem_Object__PARAMS__C)
                  0000d05c    00000024     main_pem4f.oem4f (.const:ti_sysbios_knl_Semaphore_Object__PARAMS__C)
                  0000d080    00000020     main_pem4f.oem4f (.const:ti_sysbios_family_arm_m3_Hwi_Object__DESC__C)
                  0000d0a0    00000020     main_pem4f.oem4f (.const:ti_sysbios_gates_GateHwi_Object__DESC__C)
                  0000d0c0    00000020     main_pem4f.oem4f (.const:ti_sysbios_gates_GateMutex_Object__DESC__C)
                  0000d0e0    00000020     main_pem4f.oem4f (.const:ti_sysbios_heaps_HeapMem_Object__DESC__C)
                  0000d100    00000020     main_pem4f.oem4f (.const:ti_sysbios_knl_Queue_Object__DESC__C)
                  0000d120    00000020     main_pem4f.oem4f (.const:ti_sysbios_knl_Semaphore_Object__DESC__C)
                  0000d140    00000020     main_pem4f.oem4f (.const:ti_uia_loggers_LoggerStopMode_Object__DESC__C)
                  0000d160    00000020     uart_tivaware.aem4f : UART.oem4f (.const)
                  0000d180    00000018     main_pem4f.oem4f (.const:ti_sysbios_gates_GateHwi_Object__PARAMS__C)
                  0000d198    00000018     main_pem4f.oem4f (.const:ti_sysbios_gates_GateMutex_Object__PARAMS__C)
                  0000d1b0    00000018     main_pem4f.oem4f (.const:ti_sysbios_knl_Queue_Object__PARAMS__C)
                  0000d1c8    00000016     main_pem4f.oem4f (.const:xdc_runtime_Startup_sfxnRts__A)
                  0000d1de    00000002     main_pem4f.oem4f (.const:ti_catalog_arm_cortexm4_tiva_ce_Boot_Module__id__C)
                  0000d1e0    00000014     main_pem4f.oem4f (.const:xdc_runtime_Startup_firstFxns__A)
                  0000d1f4    00000011     ti.targets.arm.rtsarm.aem4f : System.oem4f (.const:.string)
                  0000d205    00000001     --HOLE-- [fill = 0]
                  0000d206    00000010     main_pem4f.oem4f (.const:xdc_runtime_Text_nodeTab__A)
                  0000d216    00000002     main_pem4f.oem4f (.const:ti_sysbios_family_arm_lm4_TimestampProvider_useClockTimer__C)
                  0000d218    00000008     main_pem4f.oem4f (.const:ti_sysbios_family_arm_m3_Hwi_excHookFuncs__A)
                  0000d220    00000008     main_pem4f.oem4f (.const:ti_sysbios_knl_Idle_funcList__C)
                  0000d228    00000008     main_pem4f.oem4f (.const:xdc_runtime_Startup_firstFxns__C)
                  0000d230    00000008     main_pem4f.oem4f (.const:xdc_runtime_Startup_lastFxns__C)
                  0000d238    00000004     main_pem4f.oem4f (.const:ti_catalog_arm_cortexm4_tiva_ce_Boot_A_mustUseEnhancedClockMode__C)
                  0000d23c    00000004     main_pem4f.oem4f (.const:ti_catalog_arm_cortexm4_tiva_ce_Boot_Module__diagsEnabled__C)
                  0000d240    00000004     main_pem4f.oem4f (.const:ti_catalog_arm_cortexm4_tiva_ce_Boot_Module__diagsIncluded__C)
                  0000d244    00000004     main_pem4f.oem4f (.const:ti_catalog_arm_cortexm4_tiva_ce_Boot_Module__diagsMask__C)
                  0000d248    00000004     main_pem4f.oem4f (.const:ti_sysbios_family_arm_lm4_Timer_enableFunc__C)
                  0000d24c    00000004     main_pem4f.oem4f (.const:ti_sysbios_family_arm_lm4_Timer_numTimerDevices__C)
                  0000d250    00000004     main_pem4f.oem4f (.const:ti_sysbios_family_arm_lm4_Timer_startupNeeded__C)
                  0000d254    00000004     main_pem4f.oem4f (.const:ti_sysbios_family_arm_m3_Hwi_E_NMI__C)
                  0000d258    00000004     main_pem4f.oem4f (.const:ti_sysbios_family_arm_m3_Hwi_E_alreadyDefined__C)
                  0000d25c    00000004     main_pem4f.oem4f (.const:ti_sysbios_family_arm_m3_Hwi_E_busFault__C)
                  0000d260    00000004     main_pem4f.oem4f (.const:ti_sysbios_family_arm_m3_Hwi_E_debugMon__C)
                  0000d264    00000004     main_pem4f.oem4f (.const:ti_sysbios_family_arm_m3_Hwi_E_hardFault__C)
                  0000d268    00000004     main_pem4f.oem4f (.const:ti_sysbios_family_arm_m3_Hwi_E_memFault__C)
                  0000d26c    00000004     main_pem4f.oem4f (.const:ti_sysbios_family_arm_m3_Hwi_E_noIsr__C)
                  0000d270    00000004     main_pem4f.oem4f (.const:ti_sysbios_family_arm_m3_Hwi_E_reserved__C)
                  0000d274    00000004     main_pem4f.oem4f (.const:ti_sysbios_family_arm_m3_Hwi_E_svCall__C)
                  0000d278    00000004     main_pem4f.oem4f (.const:ti_sysbios_family_arm_m3_Hwi_E_usageFault__C)
                  0000d27c    00000004     main_pem4f.oem4f (.const:ti_sysbios_family_arm_m3_Hwi_LD_end__C)
                  0000d280    00000004     main_pem4f.oem4f (.const:ti_sysbios_family_arm_m3_Hwi_LM_begin__C)
                  0000d284    00000004     main_pem4f.oem4f (.const:ti_sysbios_family_arm_m3_Hwi_Module__diagsEnabled__C)
                  0000d288    00000004     main_pem4f.oem4f (.const:ti_sysbios_family_arm_m3_Hwi_Module__diagsIncluded__C)
                  0000d28c    00000004     main_pem4f.oem4f (.const:ti_sysbios_family_arm_m3_Hwi_Module__diagsMask__C)
                  0000d290    00000004     main_pem4f.oem4f (.const:ti_sysbios_family_arm_m3_Hwi_Module__loggerFxn1__C)
                  0000d294    00000004     main_pem4f.oem4f (.const:ti_sysbios_family_arm_m3_Hwi_Module__loggerFxn8__C)
                  0000d298    00000004     main_pem4f.oem4f (.const:ti_sysbios_family_arm_m3_Hwi_Module__loggerObj__C)
                  0000d29c    00000004     main_pem4f.oem4f (.const:ti_sysbios_family_arm_m3_Hwi_NUM_INTERRUPTS__C)
                  0000d2a0    00000004     main_pem4f.oem4f (.const:ti_sysbios_family_arm_m3_Hwi_Object__count__C)
                  0000d2a4    00000004     main_pem4f.oem4f (.const:ti_sysbios_family_arm_m3_Hwi_ccr__C)
                  0000d2a8    00000004     main_pem4f.oem4f (.const:ti_sysbios_family_arm_m3_Hwi_excHandlerFunc__C)
                  0000d2ac    00000004     main_pem4f.oem4f (.const:ti_sysbios_family_arm_m3_Hwi_excHookFuncs__C)
                  0000d2b0    00000004     main_pem4f.oem4f (.const:ti_sysbios_family_arm_m3_Hwi_nullIsrFunc__C)
                  0000d2b4    00000004     main_pem4f.oem4f (.const:ti_sysbios_family_arm_m3_Hwi_priGroup__C)
                  0000d2b8    00000004     main_pem4f.oem4f (.const:ti_sysbios_gates_GateMutex_A_badContext__C)
                  0000d2bc    00000004     main_pem4f.oem4f (.const:ti_sysbios_gates_GateMutex_Instance_State_sem__O)
                  0000d2c0    00000004     main_pem4f.oem4f (.const:ti_sysbios_gates_GateMutex_Module__diagsEnabled__C)
                  0000d2c4    00000004     main_pem4f.oem4f (.const:ti_sysbios_gates_GateMutex_Module__diagsIncluded__C)
                  0000d2c8    00000004     main_pem4f.oem4f (.const:ti_sysbios_gates_GateMutex_Module__diagsMask__C)
                  0000d2cc    00000004     main_pem4f.oem4f (.const:ti_sysbios_heaps_HeapMem_A_align__C)
                  0000d2d0    00000004     main_pem4f.oem4f (.const:ti_sysbios_heaps_HeapMem_A_heapSize__C)
                  0000d2d4    00000004     main_pem4f.oem4f (.const:ti_sysbios_heaps_HeapMem_A_invalidFree__C)
                  0000d2d8    00000004     main_pem4f.oem4f (.const:ti_sysbios_heaps_HeapMem_A_zeroBlock__C)
                  0000d2dc    00000004     main_pem4f.oem4f (.const:ti_sysbios_heaps_HeapMem_E_memory__C)
                  0000d2e0    00000004     main_pem4f.oem4f (.const:ti_sysbios_heaps_HeapMem_Module__diagsEnabled__C)
                  0000d2e4    00000004     main_pem4f.oem4f (.const:ti_sysbios_heaps_HeapMem_Module__diagsIncluded__C)
                  0000d2e8    00000004     main_pem4f.oem4f (.const:ti_sysbios_heaps_HeapMem_Module__diagsMask__C)
                  0000d2ec    00000004     main_pem4f.oem4f (.const:ti_sysbios_heaps_HeapMem_Module__gateObj__C)
                  0000d2f0    00000004     main_pem4f.oem4f (.const:ti_sysbios_heaps_HeapMem_Object__count__C)
                  0000d2f4    00000004     main_pem4f.oem4f (.const:ti_sysbios_heaps_HeapMem_reqAlign__C)
                  0000d2f8    00000004     main_pem4f.oem4f (.const:ti_sysbios_knl_Clock_LM_begin__C)
                  0000d2fc    00000004     main_pem4f.oem4f (.const:ti_sysbios_knl_Clock_LM_tick__C)
                  0000d300    00000004     main_pem4f.oem4f (.const:ti_sysbios_knl_Clock_LW_delayed__C)
                  0000d304    00000004     main_pem4f.oem4f (.const:ti_sysbios_knl_Clock_Module_State_clockQ__O)
                  0000d308    00000004     main_pem4f.oem4f (.const:ti_sysbios_knl_Clock_Module__diagsEnabled__C)
                  0000d30c    00000004     main_pem4f.oem4f (.const:ti_sysbios_knl_Clock_Module__diagsIncluded__C)
                  0000d310    00000004     main_pem4f.oem4f (.const:ti_sysbios_knl_Clock_Module__diagsMask__C)
                  0000d314    00000004     main_pem4f.oem4f (.const:ti_sysbios_knl_Clock_Module__loggerFxn1__C)
                  0000d318    00000004     main_pem4f.oem4f (.const:ti_sysbios_knl_Clock_Module__loggerFxn2__C)
                  0000d31c    00000004     main_pem4f.oem4f (.const:ti_sysbios_knl_Clock_Module__loggerObj__C)
                  0000d320    00000004     main_pem4f.oem4f (.const:ti_sysbios_knl_Idle_funcList__A)
                  0000d324    00000004     main_pem4f.oem4f (.const:ti_sysbios_knl_Semaphore_A_badContext__C)
                  0000d328    00000004     main_pem4f.oem4f (.const:ti_sysbios_knl_Semaphore_A_noEvents__C)
                  0000d32c    00000004     main_pem4f.oem4f (.const:ti_sysbios_knl_Semaphore_A_overflow__C)
                  0000d330    00000004     main_pem4f.oem4f (.const:ti_sysbios_knl_Semaphore_A_pendTaskDisabled__C)
                  0000d334    00000004     main_pem4f.oem4f (.const:ti_sysbios_knl_Semaphore_Instance_State_pendQ__O)
                  0000d338    00000004     main_pem4f.oem4f (.const:ti_sysbios_knl_Semaphore_LM_pend__C)
                  0000d33c    00000004     main_pem4f.oem4f (.const:ti_sysbios_knl_Semaphore_LM_post__C)
                  0000d340    00000004     main_pem4f.oem4f (.const:ti_sysbios_knl_Semaphore_Module__diagsEnabled__C)
                  0000d344    00000004     main_pem4f.oem4f (.const:ti_sysbios_knl_Semaphore_Module__diagsIncluded__C)
                  0000d348    00000004     main_pem4f.oem4f (.const:ti_sysbios_knl_Semaphore_Module__diagsMask__C)
                  0000d34c    00000004     main_pem4f.oem4f (.const:ti_sysbios_knl_Semaphore_Module__loggerFxn2__C)
                  0000d350    00000004     main_pem4f.oem4f (.const:ti_sysbios_knl_Semaphore_Module__loggerFxn4__C)
                  0000d354    00000004     main_pem4f.oem4f (.const:ti_sysbios_knl_Semaphore_Module__loggerObj__C)
                  0000d358    00000004     main_pem4f.oem4f (.const:ti_sysbios_knl_Swi_LD_end__C)
                  0000d35c    00000004     main_pem4f.oem4f (.const:ti_sysbios_knl_Swi_LM_begin__C)
                  0000d360    00000004     main_pem4f.oem4f (.const:ti_sysbios_knl_Swi_LM_post__C)
                  0000d364    00000004     main_pem4f.oem4f (.const:ti_sysbios_knl_Swi_Module__diagsEnabled__C)
                  0000d368    00000004     main_pem4f.oem4f (.const:ti_sysbios_knl_Swi_Module__diagsIncluded__C)
                  0000d36c    00000004     main_pem4f.oem4f (.const:ti_sysbios_knl_Swi_Module__diagsMask__C)
                  0000d370    00000004     main_pem4f.oem4f (.const:ti_sysbios_knl_Swi_Module__loggerFxn1__C)
                  0000d374    00000004     main_pem4f.oem4f (.const:ti_sysbios_knl_Swi_Module__loggerFxn4__C)
                  0000d378    00000004     main_pem4f.oem4f (.const:ti_sysbios_knl_Swi_Module__loggerObj__C)
                  0000d37c    00000004     main_pem4f.oem4f (.const:ti_sysbios_knl_Swi_Object__count__C)
                  0000d380    00000004     main_pem4f.oem4f (.const:ti_sysbios_knl_Task_LD_block__C)
                  0000d384    00000004     main_pem4f.oem4f (.const:ti_sysbios_knl_Task_LD_exit__C)
                  0000d388    00000004     main_pem4f.oem4f (.const:ti_sysbios_knl_Task_LD_ready__C)
                  0000d38c    00000004     main_pem4f.oem4f (.const:ti_sysbios_knl_Task_LM_switch__C)
                  0000d390    00000004     main_pem4f.oem4f (.const:ti_sysbios_knl_Task_Module_State_inactiveQ__O)
                  0000d394    00000004     main_pem4f.oem4f (.const:ti_sysbios_knl_Task_Module__diagsEnabled__C)
                  0000d398    00000004     main_pem4f.oem4f (.const:ti_sysbios_knl_Task_Module__diagsIncluded__C)
                  0000d39c    00000004     main_pem4f.oem4f (.const:ti_sysbios_knl_Task_Module__diagsMask__C)
                  0000d3a0    00000004     main_pem4f.oem4f (.const:ti_sysbios_knl_Task_Module__loggerFxn2__C)
                  0000d3a4    00000004     main_pem4f.oem4f (.const:ti_sysbios_knl_Task_Module__loggerFxn4__C)
                  0000d3a8    00000004     main_pem4f.oem4f (.const:ti_sysbios_knl_Task_Module__loggerObj__C)
                  0000d3ac    00000004     main_pem4f.oem4f (.const:ti_sysbios_knl_Task_Object__count__C)
                  0000d3b0    00000004     main_pem4f.oem4f (.const:ti_sysbios_knl_Task_allBlockedFunc__C)
                  0000d3b4    00000004     main_pem4f.oem4f (.const:ti_sysbios_knl_Task_numConstructedTasks__C)
                  0000d3b8    00000004     main_pem4f.oem4f (.const:ti_sysbios_utils_Load_LS_cpuLoad__C)
                  0000d3bc    00000004     main_pem4f.oem4f (.const:ti_sysbios_utils_Load_LS_hwiLoad__C)
                  0000d3c0    00000004     main_pem4f.oem4f (.const:ti_sysbios_utils_Load_Module__diagsEnabled__C)
                  0000d3c4    00000004     main_pem4f.oem4f (.const:ti_sysbios_utils_Load_Module__diagsIncluded__C)
                  0000d3c8    00000004     main_pem4f.oem4f (.const:ti_sysbios_utils_Load_Module__diagsMask__C)
                  0000d3cc    00000004     main_pem4f.oem4f (.const:ti_sysbios_utils_Load_Module__loggerFxn1__C)
                  0000d3d0    00000004     main_pem4f.oem4f (.const:ti_sysbios_utils_Load_Module__loggerFxn2__C)
                  0000d3d4    00000004     main_pem4f.oem4f (.const:ti_sysbios_utils_Load_Module__loggerObj__C)
                  0000d3d8    00000004     main_pem4f.oem4f (.const:ti_sysbios_utils_Load_postUpdate__C)
                  0000d3dc    00000004     main_pem4f.oem4f (.const:ti_sysbios_utils_Load_windowInMs__C)
                  0000d3e0    00000004     main_pem4f.oem4f (.const:ti_uia_loggers_LoggerStopMode_Module__diagsEnabled__C)
                  0000d3e4    00000004     main_pem4f.oem4f (.const:ti_uia_loggers_LoggerStopMode_Module__diagsIncluded__C)
                  0000d3e8    00000004     main_pem4f.oem4f (.const:ti_uia_loggers_LoggerStopMode_Module__diagsMask__C)
                  0000d3ec    00000004     main_pem4f.oem4f (.const:ti_uia_loggers_LoggerStopMode_Object__count__C)
                  0000d3f0    00000004     main_pem4f.oem4f (.const:ti_uia_runtime_ILoggerSnapshot_Interface__BASE__C)
                  0000d3f4    00000004     main_pem4f.oem4f (.const:ti_uia_runtime_IUIATransfer_Interface__BASE__C)
                  0000d3f8    00000004     main_pem4f.oem4f (.const:xdc_runtime_Assert_E_assertFailed__C)
                  0000d3fc    00000004     main_pem4f.oem4f (.const:xdc_runtime_Core_A_initializedParams__C)
                  0000d400    00000004     main_pem4f.oem4f (.const:xdc_runtime_Core_Module__diagsEnabled__C)
                  0000d404    00000004     main_pem4f.oem4f (.const:xdc_runtime_Core_Module__diagsIncluded__C)
                  0000d408    00000004     main_pem4f.oem4f (.const:xdc_runtime_Core_Module__diagsMask__C)
                  0000d40c    00000004     main_pem4f.oem4f (.const:xdc_runtime_Error_E_memory__C)
                  0000d410    00000004     main_pem4f.oem4f (.const:xdc_runtime_Error_Module__diagsEnabled__C)
                  0000d414    00000004     main_pem4f.oem4f (.const:xdc_runtime_Error_Module__diagsIncluded__C)
                  0000d418    00000004     main_pem4f.oem4f (.const:xdc_runtime_Error_Module__diagsMask__C)
                  0000d41c    00000004     main_pem4f.oem4f (.const:xdc_runtime_Error_Module__loggerFxn8__C)
                  0000d420    00000004     main_pem4f.oem4f (.const:xdc_runtime_Error_Module__loggerObj__C)
                  0000d424    00000004     main_pem4f.oem4f (.const:xdc_runtime_Error_policyFxn__C)
                  0000d428    00000004     main_pem4f.oem4f (.const:xdc_runtime_Error_raiseHook__C)
                  0000d42c    00000004     main_pem4f.oem4f (.const:xdc_runtime_IFilterLogger_Interface__BASE__C)
                  0000d430    00000004     main_pem4f.oem4f (.const:xdc_runtime_IGateProvider_Interface__BASE__C)
                  0000d434    00000004     main_pem4f.oem4f (.const:xdc_runtime_IHeap_Interface__BASE__C)
                  0000d438    00000004     main_pem4f.oem4f (.const:xdc_runtime_ILogger_Interface__BASE__C)
                  0000d43c    00000004     main_pem4f.oem4f (.const:xdc_runtime_IModule_Interface__BASE__C)
                  0000d440    00000004     main_pem4f.oem4f (.const:xdc_runtime_Log_L_error__C)
                  0000d444    00000004     main_pem4f.oem4f (.const:xdc_runtime_Log_L_warning__C)
                  0000d448    00000004     main_pem4f.oem4f (.const:xdc_runtime_Main_Module__diagsEnabled__C)
                  0000d44c    00000004     main_pem4f.oem4f (.const:xdc_runtime_Main_Module__diagsIncluded__C)
                  0000d450    00000004     main_pem4f.oem4f (.const:xdc_runtime_Main_Module__diagsMask__C)
                  0000d454    00000004     main_pem4f.oem4f (.const:xdc_runtime_Main_Module__loggerFxn2__C)
                  0000d458    00000004     main_pem4f.oem4f (.const:xdc_runtime_Main_Module__loggerFxn4__C)
                  0000d45c    00000004     main_pem4f.oem4f (.const:xdc_runtime_Main_Module__loggerObj__C)
                  0000d460    00000004     main_pem4f.oem4f (.const:xdc_runtime_Memory_defaultHeapInstance__C)
                  0000d464    00000004     main_pem4f.oem4f (.const:xdc_runtime_Startup_execImpl__C)
                  0000d468    00000004     main_pem4f.oem4f (.const:xdc_runtime_Startup_lastFxns__A)
                  0000d46c    00000004     main_pem4f.oem4f (.const:xdc_runtime_Startup_maxPasses__C)
                  0000d470    00000004     main_pem4f.oem4f (.const:xdc_runtime_Startup_sfxnRts__C)
                  0000d474    00000004     main_pem4f.oem4f (.const:xdc_runtime_Startup_sfxnTab__C)
                  0000d478    00000004     main_pem4f.oem4f (.const:xdc_runtime_SysMin_bufSize__C)
                  0000d47c    00000004     main_pem4f.oem4f (.const:xdc_runtime_SysMin_outputFunc__C)
                  0000d480    00000004     main_pem4f.oem4f (.const:xdc_runtime_System_Module__gateObj__C)
                  0000d484    00000004     main_pem4f.oem4f (.const:xdc_runtime_System_abortFxn__C)
                  0000d488    00000004     main_pem4f.oem4f (.const:xdc_runtime_System_exitFxn__C)
                  0000d48c    00000004     main_pem4f.oem4f (.const:xdc_runtime_System_extendFxn__C)
                  0000d490    00000004     main_pem4f.oem4f (.const:xdc_runtime_System_maxAtexitHandlers__C)
                  0000d494    00000004     main_pem4f.oem4f (.const:xdc_runtime_Text_charTab__C)
                  0000d498    00000004     main_pem4f.oem4f (.const:xdc_runtime_Text_nameEmpty__C)
                  0000d49c    00000004     main_pem4f.oem4f (.const:xdc_runtime_Text_nameStatic__C)
                  0000d4a0    00000004     main_pem4f.oem4f (.const:xdc_runtime_Text_nameUnknown__C)
                  0000d4a4    00000004     main_pem4f.oem4f (.const:xdc_runtime_Text_nodeTab__C)
                  0000d4a8    00000004     main_pem4f.oem4f (.const:xdc_runtime_Text_visitRopeFxn__C)
                  0000d4ac    00000002     main_pem4f.oem4f (.const:ti_sysbios_family_arm_m3_Hwi_Module__id__C)
                  0000d4ae    00000002     main_pem4f.oem4f (.const:ti_sysbios_family_arm_m3_Hwi_Module__loggerDefined__C)
                  0000d4b0    00000002     main_pem4f.oem4f (.const:ti_sysbios_gates_GateMutex_Module__id__C)
                  0000d4b2    00000002     main_pem4f.oem4f (.const:ti_sysbios_heaps_HeapMem_Module__id__C)
                  0000d4b4    00000002     main_pem4f.oem4f (.const:ti_sysbios_knl_Clock_Module__id__C)
                  0000d4b6    00000002     main_pem4f.oem4f (.const:ti_sysbios_knl_Clock_Module__loggerDefined__C)
                  0000d4b8    00000002     main_pem4f.oem4f (.const:ti_sysbios_knl_Semaphore_Module__id__C)
                  0000d4ba    00000002     main_pem4f.oem4f (.const:ti_sysbios_knl_Semaphore_Module__loggerDefined__C)
                  0000d4bc    00000002     main_pem4f.oem4f (.const:ti_sysbios_knl_Swi_Module__id__C)
                  0000d4be    00000002     main_pem4f.oem4f (.const:ti_sysbios_knl_Swi_Module__loggerDefined__C)
                  0000d4c0    00000002     main_pem4f.oem4f (.const:ti_sysbios_knl_Task_Module__id__C)
                  0000d4c2    00000002     main_pem4f.oem4f (.const:ti_sysbios_knl_Task_Module__loggerDefined__C)
                  0000d4c4    00000002     main_pem4f.oem4f (.const:ti_sysbios_knl_Task_initStackFlag__C)
                  0000d4c6    00000002     main_pem4f.oem4f (.const:ti_sysbios_utils_Load_Module__id__C)
                  0000d4c8    00000002     main_pem4f.oem4f (.const:ti_sysbios_utils_Load_Module__loggerDefined__C)
                  0000d4ca    00000002     main_pem4f.oem4f (.const:ti_sysbios_utils_Load_hwiEnabled__C)
                  0000d4cc    00000002     main_pem4f.oem4f (.const:ti_sysbios_utils_Load_updateInIdle__C)
                  0000d4ce    00000002     main_pem4f.oem4f (.const:ti_uia_loggers_LoggerStopMode_Module__id__C)
                  0000d4d0    00000002     main_pem4f.oem4f (.const:ti_uia_loggers_LoggerStopMode_isTimestampEnabled__C)
                  0000d4d2    00000002     main_pem4f.oem4f (.const:xdc_runtime_Core_Module__id__C)
                  0000d4d4    00000002     main_pem4f.oem4f (.const:xdc_runtime_Error_Module__loggerDefined__C)
                  0000d4d6    00000002     main_pem4f.oem4f (.const:xdc_runtime_Error_maxDepth__C)
                  0000d4d8    00000002     main_pem4f.oem4f (.const:xdc_runtime_Main_Module__id__C)
                  0000d4da    00000002     main_pem4f.oem4f (.const:xdc_runtime_Main_Module__loggerDefined__C)
                  0000d4dc    00000002     main_pem4f.oem4f (.const:xdc_runtime_Memory_Module__id__C)
                  0000d4de    00000002     main_pem4f.oem4f (.const:xdc_runtime_SysMin_flushAtExit__C)
                  0000d4e0    00000002     main_pem4f.oem4f (.const:xdc_runtime_Text_charCnt__C)
                  0000d4e2    00000002     main_pem4f.oem4f (.const:xdc_runtime_Text_isLoaded__C)
                  0000d4e4    00000002     main_pem4f.oem4f (.const:xdc_runtime_Text_registryModsLastId__C)
                  0000d4e6    00000002     main_pem4f.oem4f (.const:xdc_runtime_Text_unnamedModsLastId__C)

.cinit     0    0000d4e8    000005b8     
                  0000d4e8    00000583     (.cinit..data.load) [load image, compression = rle]
                  0000da6b    00000001     --HOLE-- [fill = 0]
                  0000da6c    0000000c     (__TI_handler_table)
                  0000da78    00000008     (.cinit..bss.load) [load image, compression = zero_init]
                  0000da80    00000008     (.cinit..vecs.load) [load image, compression = zero_init]
                  0000da88    00000018     (__TI_cinit_table)

.vecs      0    20000000    00000360     UNINITIALIZED
                  20000000    00000360     main_pem4f.oem4f (.vecs)

.bss       0    20000380    0000677a     UNINITIALIZED
                  20000380    00004000     main_pem4f.oem4f (.bss:ti_sysbios_heaps_HeapMem_Instance_State_0_buf__A)
                  20004380    00001800     main_pem4f.oem4f (.bss:taskStackSection)
                  20005b80    00000400     main_pem4f.oem4f (.bss:ti_uia_loggers_LoggerStopMode_Instance_State_2_packetArray__A)
                  20005f80    00000360     main_pem4f.oem4f (.bss:ti_sysbios_family_arm_m3_Hwi_dispatchTable)
                  200062e0    00000020     (.common:uartParams)
                  20006300    00000200     main_pem4f.oem4f (.bss:ti_uia_loggers_LoggerStopMode_Instance_State_1_packetArray__A)
                  20006500    00000198     EK_TM4C123GXL.obj (.bss:uartTivaObjects)
                  20006698    00000120     rtsv7M4_T_le_v4SPD16_eabi.lib : trgmsg.obj (.bss:__CIOBUF_)
                  200067b8    0000002c     uart.obj (.bss:Buffer1)
                  200067e4    00000008     (.common:CurrentGraph)
                  200067ec    00000008     (.common:parmbuf)
                  200067f4    00000004     (.common:BC)
                  200067f8    00000004     (.common:BCamFlag)
                  200067fc    00000004     (.common:BL)
                  20006800    00000100     main_pem4f.oem4f (.bss:ti_uia_loggers_LoggerStopMode_Instance_State_0_packetArray__A)
                  20006900    00000080     main_pem4f.oem4f (.bss:xdc_runtime_SysMin_Module_State_0_outbuf__A)
                  20006980    00000030     main_pem4f.oem4f (.bss:ti_uia_loggers_LoggerStopMode_Instance_State_0_hdr__A)
                  200069b0    0000002c     uart.obj (.bss:Buffer1A)
                  200069dc    00000020     (.common:uartParamsA)
                  200069fc    00000004     (.common:BR)
                  20006a00    00000030     main_pem4f.oem4f (.bss:ti_uia_loggers_LoggerStopMode_Instance_State_1_hdr__A)
                  20006a30    00000004     (.common:Blost)
                  20006a34    00000004     (.common:Bprevision)
                  20006a38    00000004     (.common:Bvision)
                  20006a3c    00000004     (.common:C)
                  20006a40    00000004     (.common:Dimension)
                  20006a44    00000004     (.common:Encount)
                  20006a48    00000004     (.common:FCamFlag)
                  20006a4c    00000004     (.common:L)
                  20006a50    00000004     (.common:LCamFlag)
                  20006a54    00000004     (.common:Orientation)
                  20006a58    00000004     (.common:PWM_FREQUENCY)
                  20006a5c    00000004     (.common:R)
                  20006a60    00000004     (.common:RCamFlag)
                  20006a64    00000004     (.common:RotationFlag)
                  20006a68    00000004     (.common:Tolerance)
[...]
0000d394  ti_sysbios_knl_Task_Module__diagsEnabled__C                       
0000d398  ti_sysbios_knl_Task_Module__diagsIncluded__C                      
0000d39c  ti_sysbios_knl_Task_Module__diagsMask__C                          
0000d3a0  ti_sysbios_knl_Task_Module__loggerFxn2__C                         
0000d3a4  ti_sysbios_knl_Task_Module__loggerFxn4__C                         
0000d3a8  ti_sysbios_knl_Task_Module__loggerObj__C                          
0000d3ac  ti_sysbios_knl_Task_Object__count__C                              
0000d3b0  ti_sysbios_knl_Task_allBlockedFunc__C                             
0000d3b4  ti_sysbios_knl_Task_numConstructedTasks__C                        
0000d3b8  ti_sysbios_utils_Load_LS_cpuLoad__C                               
0000d3bc  ti_sysbios_utils_Load_LS_hwiLoad__C                               
0000d3c0  ti_sysbios_utils_Load_Module__diagsEnabled__C                     
0000d3c4  ti_sysbios_utils_Load_Module__diagsIncluded__C                    
0000d3c8  ti_sysbios_utils_Load_Module__diagsMask__C                        
0000d3cc  ti_sysbios_utils_Load_Module__loggerFxn1__C                       
0000d3d0  ti_sysbios_utils_Load_Module__loggerFxn2__C                       
0000d3d4  ti_sysbios_utils_Load_Module__loggerObj__C                        
0000d3d8  ti_sysbios_utils_Load_postUpdate__C                               
0000d3dc  ti_sysbios_utils_Load_windowInMs__C                               
0000d3e0  ti_uia_loggers_LoggerStopMode_Module__diagsEnabled__C             
0000d3e4  ti_uia_loggers_LoggerStopMode_Module__diagsIncluded__C            
0000d3e8  ti_uia_loggers_LoggerStopMode_Module__diagsMask__C                
0000d3ec  ti_uia_loggers_LoggerStopMode_Object__count__C                    
0000d3f0  ti_uia_runtime_ILoggerSnapshot_Interface__BASE__C                 
0000d3f4  ti_uia_runtime_IUIATransfer_Interface__BASE__C                    
0000d3f8  xdc_runtime_Assert_E_assertFailed__C                              
0000d3fc  xdc_runtime_Core_A_initializedParams__C                           
0000d400  xdc_runtime_Core_Module__diagsEnabled__C                          
0000d404  xdc_runtime_Core_Module__diagsIncluded__C                         
0000d408  xdc_runtime_Core_Module__diagsMask__C                             
0000d40c  xdc_runtime_Error_E_memory__C                                     
0000d410  xdc_runtime_Error_Module__diagsEnabled__C                         
0000d414  xdc_runtime_Error_Module__diagsIncluded__C                        
0000d418  xdc_runtime_Error_Module__diagsMask__C                            
0000d41c  xdc_runtime_Error_Module__loggerFxn8__C                           
0000d420  xdc_runtime_Error_Module__loggerObj__C                            
0000d424  xdc_runtime_Error_policyFxn__C                                    
0000d428  xdc_runtime_Error_raiseHook__C                                    
0000d42c  xdc_runtime_IFilterLogger_Interface__BASE__C                      
0000d430  xdc_runtime_IGateProvider_Interface__BASE__C                      
0000d434  xdc_runtime_IHeap_Interface__BASE__C                              
0000d438  xdc_runtime_ILogger_Interface__BASE__C                            
0000d43c  xdc_runtime_IModule_Interface__BASE__C                            
0000d440  xdc_runtime_Log_L_error__C                                        
0000d444  xdc_runtime_Log_L_warning__C                                      
0000d448  xdc_runtime_Main_Module__diagsEnabled__C                          
0000d44c  xdc_runtime_Main_Module__diagsIncluded__C                         
0000d450  xdc_runtime_Main_Module__diagsMask__C                             
0000d454  xdc_runtime_Main_Module__loggerFxn2__C                            
0000d458  xdc_runtime_Main_Module__loggerFxn4__C                            
0000d45c  xdc_runtime_Main_Module__loggerObj__C                             
0000d460  xdc_runtime_Memory_defaultHeapInstance__C                         
0000d464  xdc_runtime_Startup_execImpl__C                                   
0000d468  xdc_runtime_Startup_lastFxns__A                                   
0000d46c  xdc_runtime_Startup_maxPasses__C                                  
0000d470  xdc_runtime_Startup_sfxnRts__C                                    
0000d474  xdc_runtime_Startup_sfxnTab__C                                    
0000d478  xdc_runtime_SysMin_bufSize__C                                     
0000d47c  xdc_runtime_SysMin_outputFunc__C                                  
0000d480  xdc_runtime_System_Module__gateObj__C                             
0000d484  xdc_runtime_System_abortFxn__C                                    
0000d488  xdc_runtime_System_exitFxn__C                                     
0000d48c  xdc_runtime_System_extendFxn__C                                   
0000d490  xdc_runtime_System_maxAtexitHandlers__C                           
0000d494  xdc_runtime_Text_charTab__C                                       
0000d498  xdc_runtime_Text_nameEmpty__C                                     
0000d49c  xdc_runtime_Text_nameStatic__C                                    
0000d4a0  xdc_runtime_Text_nameUnknown__C                                   
0000d4a4  xdc_runtime_Text_nodeTab__C                                       
0000d4a8  xdc_runtime_Text_visitRopeFxn__C                                  
0000d4ac  ti_sysbios_family_arm_m3_Hwi_Module__id__C                        
0000d4ae  ti_sysbios_family_arm_m3_Hwi_Module__loggerDefined__C             
0000d4b0  ti_sysbios_gates_GateMutex_Module__id__C                          
0000d4b2  ti_sysbios_heaps_HeapMem_Module__id__C                            
0000d4b4  ti_sysbios_knl_Clock_Module__id__C                                
0000d4b6  ti_sysbios_knl_Clock_Module__loggerDefined__C                     
0000d4b8  ti_sysbios_knl_Semaphore_Module__id__C                            
0000d4ba  ti_sysbios_knl_Semaphore_Module__loggerDefined__C                 
0000d4bc  ti_sysbios_knl_Swi_Module__id__C                                  
0000d4be  ti_sysbios_knl_Swi_Module__loggerDefined__C                       
0000d4c0  ti_sysbios_knl_Task_Module__id__C                                 
0000d4c2  ti_sysbios_knl_Task_Module__loggerDefined__C                      
0000d4c4  ti_sysbios_knl_Task_initStackFlag__C                              
0000d4c6  ti_sysbios_utils_Load_Module__id__C                               
0000d4c8  ti_sysbios_utils_Load_Module__loggerDefined__C                    
0000d4ca  ti_sysbios_utils_Load_hwiEnabled__C                               
0000d4cc  ti_sysbios_utils_Load_updateInIdle__C                             
0000d4ce  ti_uia_loggers_LoggerStopMode_Module__id__C                       
0000d4d0  ti_uia_loggers_LoggerStopMode_isTimestampEnabled__C               
0000d4d2  xdc_runtime_Core_Module__id__C                                    
0000d4d4  xdc_runtime_Error_Module__loggerDefined__C                        
0000d4d6  xdc_runtime_Error_maxDepth__C                                     
0000d4d8  xdc_runtime_Main_Module__id__C                                    
0000d4da  xdc_runtime_Main_Module__loggerDefined__C                         
0000d4dc  xdc_runtime_Memory_Module__id__C                                  
0000d4de  xdc_runtime_SysMin_flushAtExit__C                                 
0000d4e0  xdc_runtime_Text_charCnt__C                                       
0000d4e2  xdc_runtime_Text_isLoaded__C                                      
0000d4e4  xdc_runtime_Text_registryModsLastId__C                            
0000d4e6  xdc_runtime_Text_unnamedModsLastId__C                             
0000d4e8  __TI_static_base__                                                
0000da6c  __TI_Handler_Table_Base                                           
0000da78  __TI_Handler_Table_Limit                                          
0000da88  __TI_CINIT_Base                                                   
0000daa0  __TI_CINIT_Limit                                                  
20000000  ti_sysbios_family_arm_m3_Hwi_ramVectors                           
20000380  ti_sysbios_heaps_HeapMem_Instance_State_0_buf__A                  
20004380  ti_sysbios_knl_Task_Instance_State_0_stack__A                     
20004b80  ti_sysbios_knl_Task_Instance_State_1_stack__A                     
20005380  ti_sysbios_knl_Task_Instance_State_2_stack__A                     
20005b80  ti_uia_loggers_LoggerStopMode_Instance_State_2_packetArray__A     
20005f80  ti_sysbios_family_arm_m3_Hwi_dispatchTable                        
200062e0  uartParams                                                        
20006300  ti_uia_loggers_LoggerStopMode_Instance_State_1_packetArray__A     
20006500  uartTivaObjects                                                   
20006698  __CIOBUF_                                                         
200067b8  Buffer1                                                           
200067e4  CurrentGraph                                                      
200067f4  BC                                                                
200067f8  BCamFlag                                                          
200067fc  BL                                                                
20006800  ti_uia_loggers_LoggerStopMode_Instance_State_0_packetArray__A     
20006900  xdc_runtime_SysMin_Module_State_0_outbuf__A                       
20006980  ti_uia_loggers_LoggerStopMode_Instance_State_0_hdr__A             
200069b0  Buffer1A                                                          
200069dc  uartParamsA                                                       
200069fc  BR                                                                
20006a00  ti_uia_loggers_LoggerStopMode_Instance_State_1_hdr__A             
20006a30  Blost                                                             
20006a34  Bprevision                                                        
20006a38  Bvision                                                           
20006a3c  C                                                                 
20006a40  Dimension                                                         
20006a44  Encount                                                           
20006a48  FCamFlag                                                          
20006a4c  L                                                                 
20006a50  LCamFlag                                                          
20006a54  Orientation                                                       
20006a58  PWM_FREQUENCY                                                     
20006a5c  R                                                                 
20006a60  RCamFlag                                                          
20006a64  RotationFlag                                                      
20006a68  Tolerance                                                         
20006a6c  UnvisitedStack                                                    
20006a70  bumpFlag                                                          
20006a74  checkFlag                                                         
20006a78  endfound                                                          
20006a7c  inputC1                                                           
20006a80  ti_uia_loggers_LoggerStopMode_Instance_State_2_hdr__A             
20006ab0  lost                                                              
20006ab4  prevision                                                         
20006ab8  readingB                                                          
20006abc  readingF                                                          
20006ac0  readingL                                                          
20006ac4  readingLine                                                       
20006ac8  readingLineR                                                      
20006acc  readingR                                                          
20006ad0  ready2go                                                          
20006ad4  servoCt                                                           
20006ad8  sideLine                                                          
20006adc  uart                                                              
20006ae0  uartA                                                             
20006ae4  ui32Load                                                          
20006ae8  ui32LoadServo                                                     
20006aec  ui32PWMClock                                                      
20006af0  vision                                                            
20006af4  currentcell                                                       
20006af6  endcell                                                           
20006af8  startcell                                                         
20006afc  xdc_runtime_Diags_dictElems                                       
20006b0c  ti_sysbios_family_arm_lm4_Timer_Module__root__V                   
20006b14  ti_sysbios_family_arm_lm4_Timer_Module_State_0_handles__A         
20006b2c  ti_sysbios_family_arm_lm4_Timer_Module__state__V                  
20006b38  ti_sysbios_family_arm_lm4_TimestampProvider_Module__state__V      
20006b40  ti_sysbios_family_arm_m3_Hwi_Module__root__V                      
20006b48  ti_sysbios_family_arm_m3_Hwi_Module_State_0_excActive__A          
20006b4c  ti_sysbios_family_arm_m3_Hwi_Module_State_0_excContext__A         
20006b50  ti_sysbios_family_arm_m3_Hwi_Module_State_0_excStack__A           
20006b54  ti_sysbios_gates_GateHwi_Module__root__V                          
20006b5c  ti_sysbios_gates_GateHwi_Object__table__V                         
20006b60  ti_sysbios_gates_GateMutex_Module__root__V                        
20006b68  ti_sysbios_hal_Hwi_Module__root__V                                
20006b70  ti_sysbios_hal_Hwi_Object__table__V                               
20006b78  ti_sysbios_hal_Timer_Module__root__V                              
20006b80  ti_sysbios_hal_Timer_Object__table__V                             
20006b98  ti_sysbios_heaps_HeapMem_Module__root__V                          
20006ba0  ti_sysbios_heaps_HeapMem_Object__table__V                         
20006bb8  ti_sysbios_knl_Clock_Module__root__V                              
20006bc0  ti_sysbios_knl_Clock_Object__table__V                             
20006be0  ti_sysbios_knl_Event_Module__root__V                              
20006bec  ti_sysbios_knl_Queue_Module__root__V                              
20006bf4  ti_sysbios_knl_Semaphore_Module__root__V                          
20006bfc  ti_sysbios_knl_Swi_Module__root__V                                
20006c04  ti_sysbios_knl_Swi_Module__state__V                               
20006c20  ti_sysbios_knl_Task_Module__root__V                               
20006c2c  ti_sysbios_knl_Task_Module_State_0_readyQ__A                      
20006c4c  ti_sysbios_knl_Task_Module_State_0_idleTask__A                    
20006c50  ti_sysbios_utils_Load_Module_State_0_taskStartTime__A             
20006c54  ti_sysbios_utils_Load_Module_State_0_runningTask__A               
20006c58  ti_uia_loggers_LoggerStopMode_Module__root__V                     
20006c60  ti_uia_loggers_LoggerStopMode_Module__state__V                    
20006c68  ti_uia_runtime_QueueDescriptor_Module__state__V                   
20006c74  xdc_runtime_Error_Module__state__V                                
20006c76  xdc_runtime_Main_Module__root__V                                  
20006c78  xdc_runtime_Memory_Module__state__V                               
20006c7c  xdc_runtime_Registry_Module__state__V                             
20006c84  xdc_runtime_Startup_Module__state__V                              
20006c8c  xdc_runtime_SysMin_Module__state__V                               
20006c98  xdc_runtime_System_Module_State_0_atexitHandlers__A               
20006ca0  xdc_runtime_System_Module__state__V                               
20006ca8  xdc_runtime_Text_Module__state__V                                 
20006cb0  __xdc__init__addr                                                 
20006cb4  ti_sysbios_family_arm_lm4_Timer_Object__table__V                  
20006df4  ti_sysbios_knl_Task_Object__table__V                              
20006e8c  TSK_idle                                                          
20006ed8  ti_uia_loggers_LoggerStopMode_Object__table__V                    
20006f74  ti_sysbios_utils_Load_Module__state__V                            
2000700c  ti_sysbios_family_arm_m3_Hwi_Object__table__V                     
2000709c  ti_sysbios_knl_Swi_Module_State_0_readyQ__A                       
2000711c  ti_sysbios_knl_Semaphore_Object__table__V                         
20007194  ti_sysbios_knl_Task_Module__state__V                              
200071d8  ti_sysbios_gates_GateMutex_Object__table__V                       
20007210  ti_sysbios_family_arm_m3_Hwi_Module__state__V                     
20007244  ti_sysbios_family_arm_lm4_Timer_Module_State_0_device__A          
20007274  ti_sysbios_knl_Swi_Object__table__V                               
200072a4  ti_sysbios_knl_Clock_Module__state__V                             
200072d0  ti_sysbios_BIOS_Module__state__V                                  
200072f4  h                                                                 
200072f8  ct                                                                
200072fc  Fillptr                                                           
20007300  Txptr                                                             
20007304  FillptrA                                                          
20007308  TxptrA                                                            
2000730c  temp                                                              
20007310  n                                                                 
20007314  meh                                                               
20007318  Encount_ready_flag                                                
2000731c  prev                                                              
20007328  _lock                                                             
2000732c  _unlock                                                           
20007330  __TI_cleanup_ptr                                                  
20007334  __TI_dtors_ptr                                                    
20007338  ti_uia_runtime_QueueDescriptor_gPtrToFirstDescriptor              
2000733c  ti_uia_runtime_QueueDescriptor_gUpdateCount                       
20007340  servoTestDuty                                                     
20007344  bypassFlag                                                        
20007348  main_func_sp                                                      
20007350  __stack                                                           
20007450  __STACK_TOP                                                       
20007750  __STACK_END                                                       
e000e000  ti_sysbios_family_arm_m3_Hwi_nvic                                 
ffffffff  __binit__                                                         
ffffffff  __c_args__                                                        
ffffffff  binit                                                             
UNDEFED   SHT$$INIT_ARRAY$$Base                                             
UNDEFED   SHT$$INIT_ARRAY$$Limit                                            

[911 symbols]
